[    0.000000] [      T0] Linux version 6.19.0-rc5-paxsudos-master-stcp (pomo@devaus) (gcc (Ubuntu 14.2.0-19ubuntu2) 14.2.0, GNU ld (GNU Binutils for Ubuntu) 2.44) #3 SMP PREEMPT_DYNAMIC Wed Jan 14 06:50:12 EET 2026
[    0.000000] [      T0] Command line: BOOT_IMAGE=/boot/vmlinuz-6.19.0-rc5-paxsudos-master-stcp root=UUID=904e7ae0-ad22-4d33-8204-b27353acff1f ro quiet splash crashkernel=2G-4G:320M,4G-32G:512M,32G-64G:1024M,64G-128G:2048M,128G-:4096M vt.handoff=7
[    0.000000] [      T0] KERNEL supported cpus:
[    0.000000] [      T0]   Intel GenuineIntel
[    0.000000] [      T0]   AMD AuthenticAMD
[    0.000000] [      T0]   Hygon HygonGenuine
[    0.000000] [      T0]   Centaur CentaurHauls
[    0.000000] [      T0]   zhaoxin   Shanghai  
[    0.000000] [      T0] BIOS-provided physical RAM map:
[    0.000000] [      T0] BIOS-e820: [mem 0x0000000000000000-0x000000000009efff] usable
[    0.000000] [      T0] BIOS-e820: [mem 0x000000000009f000-0x000000000009ffff] reserved
[    0.000000] [      T0] BIOS-e820: [mem 0x00000000000e4000-0x00000000000fffff] reserved
[    0.000000] [      T0] BIOS-e820: [mem 0x0000000000100000-0x00000000c7e8ffff] usable
[    0.000000] [      T0] BIOS-e820: [mem 0x00000000c7e90000-0x00000000c7ea7fff] ACPI data
[    0.000000] [      T0] BIOS-e820: [mem 0x00000000c7ea8000-0x00000000c7ecffff] ACPI NVS
[    0.000000] [      T0] BIOS-e820: [mem 0x00000000c7ed0000-0x00000000c7efffff] reserved
[    0.000000] [      T0] BIOS-e820: [mem 0x00000000ff700000-0x00000000ffffffff] reserved
[    0.000000] [      T0] BIOS-e820: [mem 0x0000000100000000-0x0000000637ffffff] usable
[    0.000000] [      T0] NX (Execute Disable) protection: active
[    0.000000] [      T0] APIC: Static calls initialized
[    0.000000] [      T0] SMBIOS 2.5 present.
[    0.000000] [      T0] DMI: System manufacturer System Product Name/M4A785TD-V EVO, BIOS 2105    07/23/2010
[    0.000000] [      T0] DMI: Memory slots populated: 4/4
[    0.000000] [      T0] tsc: Fast TSC calibration using PIT
[    0.000000] [      T0] tsc: Detected 3414.950 MHz processor
[    0.004887] [      T0] e820: update [mem 0x00000000-0x00000fff] usable ==> reserved
[    0.004890] [      T0] e820: remove [mem 0x000a0000-0x000fffff] usable
[    0.013011] [      T0] AGP: No AGP bridge found
[    0.013084] [      T0] last_pfn = 0x638000 max_arch_pfn = 0x400000000
[    0.013091] [      T0] MTRR map: 5 entries (3 fixed + 2 variable; max 20), built from 9 variable MTRRs
[    0.013094] [      T0] x86/PAT: Configuration [0-7]: WB  WC  UC- UC  WB  WP  UC- WT  
[    0.014306] [      T0] e820: update [mem 0xc8000000-0xffffffff] usable ==> reserved
[    0.014316] [      T0] last_pfn = 0xc7ea8 max_arch_pfn = 0x400000000
[    0.018193] [      T0] found SMP MP-table at [mem 0x000ff780-0x000ff78f]
[    0.018217] [      T0] Using GB pages for direct mapping
[    0.018530] [      T0] RAMDISK: [mem 0x2e35d000-0x331a5fff]
[    0.018617] [      T0] ACPI: Early table checksum verification disabled
[    0.018621] [      T0] ACPI: RSDP 0x00000000000FB4E0 000024 (v02 ACPIAM)
[    0.018625] [      T0] ACPI: XSDT 0x00000000C7E90100 00005C (v01 072310 XSDT1710 20100723 MSFT 00000097)
[    0.018632] [      T0] ACPI: FACP 0x00000000C7E90290 0000F4 (v03 072310 FACP1710 20100723 MSFT 00000097)
[    0.018638] [      T0] ACPI BIOS Warning (bug): Optional FADT field Pm2ControlBlock has valid Length but zero Address: 0x0000000000000000/0x1 (20250807/tbfadt-611)
[    0.018641] [      T0] ACPI BIOS Warning (bug): 32/64X length mismatch in FADT/Gpe0Block: 64/32 (20250807/tbfadt-560)
[    0.018645] [      T0] ACPI: DSDT 0x00000000C7E90450 00E712 (v01 A1392  A1392001 00000001 INTL 20060113)
[    0.018649] [      T0] ACPI: FACS 0x00000000C7EA8000 000040
[    0.018652] [      T0] ACPI: FACS 0x00000000C7EA8000 000040
[    0.018654] [      T0] ACPI: APIC 0x00000000C7E90390 00007C (v01 072310 APIC1710 20100723 MSFT 00000097)
[    0.018658] [      T0] ACPI: MCFG 0x00000000C7E90410 00003C (v01 072310 OEMMCFG  20100723 MSFT 00000097)
[    0.018661] [      T0] ACPI: OEMB 0x00000000C7EA8040 000072 (v01 072310 OEMB1710 20100723 MSFT 00000097)
[    0.018664] [      T0] ACPI: SRAT 0x00000000C7E9F450 0000E8 (v01 AMD    FAM_F_10 00000002 AMD  00000001)
[    0.018667] [      T0] ACPI: HPET 0x00000000C7E9F540 000038 (v01 072310 OEMHPET  20100723 MSFT 00000097)
[    0.018671] [      T0] ACPI: SSDT 0x00000000C7E9F580 00088C (v01 A M I  POWERNOW 00000001 AMD  00000001)
[    0.018673] [      T0] ACPI: Reserving FACP table memory at [mem 0xc7e90290-0xc7e90383]
[    0.018675] [      T0] ACPI: Reserving DSDT table memory at [mem 0xc7e90450-0xc7e9eb61]
[    0.018676] [      T0] ACPI: Reserving FACS table memory at [mem 0xc7ea8000-0xc7ea803f]
[    0.018677] [      T0] ACPI: Reserving FACS table memory at [mem 0xc7ea8000-0xc7ea803f]
[    0.018678] [      T0] ACPI: Reserving APIC table memory at [mem 0xc7e90390-0xc7e9040b]
[    0.018679] [      T0] ACPI: Reserving MCFG table memory at [mem 0xc7e90410-0xc7e9044b]
[    0.018680] [      T0] ACPI: Reserving OEMB table memory at [mem 0xc7ea8040-0xc7ea80b1]
[    0.018681] [      T0] ACPI: Reserving SRAT table memory at [mem 0xc7e9f450-0xc7e9f537]
[    0.018682] [      T0] ACPI: Reserving HPET table memory at [mem 0xc7e9f540-0xc7e9f577]
[    0.018683] [      T0] ACPI: Reserving SSDT table memory at [mem 0xc7e9f580-0xc7e9fe0b]
[    0.018765] [      T0] ACPI: SRAT: Node 0 PXM 0 [mem 0x00000000-0x0009ffff]
[    0.018767] [      T0] ACPI: SRAT: Node 0 PXM 0 [mem 0x00100000-0xc7ffffff]
[    0.018769] [      T0] ACPI: SRAT: Node 0 PXM 0 [mem 0x100000000-0x637ffffff]
[    0.018774] [      T0] NUMA: Node 0 [mem 0x00001000-0x0009ffff] + [mem 0x00100000-0xc7ffffff] -> [mem 0x00001000-0xc7ffffff]
[    0.018776] [      T0] NUMA: Node 0 [mem 0x00001000-0xc7ffffff] + [mem 0x100000000-0x637ffffff] -> [mem 0x00001000-0x637ffffff]
[    0.018792] [      T0] NODE_DATA(0) allocated [mem 0x637fd5500-0x637ffffff]
[    0.019120] [      T0] crashkernel reserved: 0x00000000a7000000 - 0x00000000c7000000 (512 MB)
[    0.019171] [      T0] Zone ranges:
[    0.019172] [      T0]   DMA      [mem 0x0000000000001000-0x0000000000ffffff]
[    0.019174] [      T0]   DMA32    [mem 0x0000000001000000-0x00000000ffffffff]
[    0.019175] [      T0]   Normal   [mem 0x0000000100000000-0x0000000637ffffff]
[    0.019177] [      T0]   Device   empty
[    0.019178] [      T0] Movable zone start for each node
[    0.019180] [      T0] Early memory node ranges
[    0.019181] [      T0]   node   0: [mem 0x0000000000001000-0x000000000009efff]
[    0.019182] [      T0]   node   0: [mem 0x0000000000100000-0x00000000c7e8ffff]
[    0.019184] [      T0]   node   0: [mem 0x0000000100000000-0x0000000637ffffff]
[    0.019188] [      T0] Initmem setup node 0 [mem 0x0000000000001000-0x0000000637ffffff]
[    0.019195] [      T0] On node 0, zone DMA: 1 pages in unavailable ranges
[    0.019240] [      T0] On node 0, zone DMA: 97 pages in unavailable ranges
[    0.121082] [      T0] On node 0, zone Normal: 368 pages in unavailable ranges
[    0.121224] [      T0] ACPI: PM-Timer IO Port: 0x808
[    0.121244] [      T0] IOAPIC[0]: apic_id 4, version 33, address 0xfec00000, GSI 0-23
[    0.121248] [      T0] ACPI: INT_SRC_OVR (bus 0 bus_irq 0 global_irq 2 dfl dfl)
[    0.121250] [      T0] ACPI: INT_SRC_OVR (bus 0 bus_irq 9 global_irq 9 low level)
[    0.121255] [      T0] ACPI: Using ACPI (MADT) for SMP configuration information
[    0.121256] [      T0] ACPI: HPET id: 0x8300 base: 0xfed00000
[    0.121265] [      T0] CPU topo: Max. logical packages:   2
[    0.121266] [      T0] CPU topo: Max. logical dies:       2
[    0.121267] [      T0] CPU topo: Max. dies per package:   1
[    0.121272] [      T0] CPU topo: Max. threads per core:   1
[    0.121273] [      T0] CPU topo: Num. cores per package:     4
[    0.121274] [      T0] CPU topo: Num. threads per package:   4
[    0.121274] [      T0] CPU topo: Allowing 4 present CPUs plus 2 hotplug CPUs
[    0.121287] [      T0] PM: hibernation: Registered nosave memory: [mem 0x00000000-0x00000fff]
[    0.121289] [      T0] PM: hibernation: Registered nosave memory: [mem 0x0009f000-0x000fffff]
[    0.121290] [      T0] PM: hibernation: Registered nosave memory: [mem 0xc7e90000-0xffffffff]
[    0.121292] [      T0] [mem 0xc7f00000-0xff6fffff] available for PCI devices
[    0.121293] [      T0] Booting paravirtualized kernel on bare hardware
[    0.121296] [      T0] clocksource: refined-jiffies: mask: 0xffffffff max_cycles: 0xffffffff, max_idle_ns: 1910969940391419 ns
[    0.121314] [      T0] setup_percpu: NR_CPUS:8192 nr_cpumask_bits:6 nr_cpu_ids:6 nr_node_ids:1
[    0.122541] [      T0] percpu: Embedded 84 pages/cpu s221184 r8192 d114688 u524288
[    0.122547] [      T0] pcpu-alloc: s221184 r8192 d114688 u524288 alloc=1*2097152
[    0.122550] [      T0] pcpu-alloc: [0] 0 1 2 3 [0] 4 5 - - 
[    0.122572] [      T0] Kernel command line: BOOT_IMAGE=/boot/vmlinuz-6.19.0-rc5-paxsudos-master-stcp root=UUID=904e7ae0-ad22-4d33-8204-b27353acff1f ro quiet splash crashkernel=2G-4G:320M,4G-32G:512M,32G-64G:1024M,64G-128G:2048M,128G-:4096M vt.handoff=7
[    0.122675] [      T0] Unknown kernel command line parameters "splash", will be passed to user space.
[    0.122682] [      T0] printk: log buffer data + meta data: 262144 + 917504 = 1179648 bytes
[    0.130666] [      T0] Dentry cache hash table entries: 4194304 (order: 13, 33554432 bytes, linear)
[    0.134664] [      T0] Inode-cache hash table entries: 2097152 (order: 12, 16777216 bytes, linear)
[    0.134732] [      T0] AGP: Checking aperture...
[    0.142859] [      T0] AGP: No AGP bridge found
[    0.142861] [      T0] AGP: Node 0: aperture [bus addr 0xa0000000-0xa1ffffff] (32MB)
[    0.142864] [      T0] Aperture pointing to e820 RAM. Ignoring.
[    0.142865] [      T0] AGP: Your BIOS doesn't leave an aperture memory hole
[    0.142865] [      T0] AGP: Please enable the IOMMU option in the BIOS setup
[    0.142866] [      T0] AGP: This costs you 64MB of RAM
[    0.142868] [      T0] AGP: Mapping aperture over RAM [mem 0xa0000000-0xa3ffffff] (65536KB)
[    0.142871] [      T0] PM: hibernation: Registered nosave memory: [mem 0xa0000000-0xa3ffffff]
[    0.142949] [      T0] software IO TLB: area num 8.
[    0.173841] [      T0] Fallback order for Node 0: 0 
[    0.173847] [      T0] Built 1 zonelists, mobility grouping on.  Total pages: 6290990
[    0.173849] [      T0] Policy zone: Normal
[    0.173858] [      T0] mem auto-init: stack:all(zero), heap alloc:on, heap free:off
[    0.330010] [      T0] SLUB: HWalign=64, Order=0-3, MinObjects=0, CPUs=6, Nodes=1
[    0.337812] [      T0] ftrace: allocating 58326 entries in 228 pages
[    0.337816] [      T0] ftrace: allocated 228 pages with 4 groups
[    0.338677] [      T0] Dynamic Preempt: voluntary
[    0.338884] [      T0] rcu: Preemptible hierarchical RCU implementation.
[    0.338885] [      T0] rcu: 	RCU restricting CPUs from NR_CPUS=8192 to nr_cpu_ids=6.
[    0.338887] [      T0] 	Trampoline variant of Tasks RCU enabled.
[    0.338888] [      T0] 	Rude variant of Tasks RCU enabled.
[    0.338888] [      T0] 	Tracing variant of Tasks RCU enabled.
[    0.338889] [      T0] rcu: RCU calculated value of scheduler-enlistment delay is 100 jiffies.
[    0.338890] [      T0] rcu: Adjusting geometry for rcu_fanout_leaf=16, nr_cpu_ids=6
[    0.338911] [      T0] RCU Tasks: Setting shift to 3 and lim to 1 rcu_task_cb_adjust=1 rcu_task_cpu_ids=6.
[    0.338914] [      T0] RCU Tasks Rude: Setting shift to 3 and lim to 1 rcu_task_cb_adjust=1 rcu_task_cpu_ids=6.
[    0.338916] [      T0] RCU Tasks Trace: Setting shift to 3 and lim to 1 rcu_task_cb_adjust=1 rcu_task_cpu_ids=6.
[    0.346412] [      T0] NR_IRQS: 524544, nr_irqs: 472, preallocated irqs: 16
[    0.346666] [      T0] rcu: srcu_init: Setting srcu_struct sizes based on contention.
[    0.346806] [      C0] spurious 8259A interrupt: IRQ7.
[    0.346842] [      T0] Console: colour dummy device 80x25
[    0.346846] [      T0] printk: legacy console [tty0] enabled
[    0.347089] [      T0] ACPI: Core revision 20250807
[    0.347393] [      T0] clocksource: hpet: mask: 0xffffffff max_cycles: 0xffffffff, max_idle_ns: 133484873504 ns
[    0.347411] [      T0] APIC: Switch to symmetric I/O mode setup
[    0.347788] [      T0] ..TIMER: vector=0x30 apic1=0 pin1=2 apic2=-1 pin2=-1
[    0.352411] [      T0] clocksource: tsc-early: mask: 0xffffffffffffffff max_cycles: 0x31397936453, max_idle_ns: 440795207575 ns
[    0.352419] [      T0] Calibrating delay loop (skipped), value calculated using timer frequency.. 6829.90 BogoMIPS (lpj=3414950)
[    0.352455] [      T0] LVT offset 0 assigned for vector 0xf9
[    0.352460] [      T0] Last level iTLB entries: 4KB 512, 2MB 16, 4MB 8
[    0.352462] [      T0] Last level dTLB entries: 4KB 512, 2MB 128, 4MB 64, 1GB 0
[    0.352468] [      T0] mitigations: Enabled attack vectors: user_kernel, user_user, guest_host, guest_guest, SMT mitigations: auto
[    0.352474] [      T0] Spectre V2 : Mitigation: Retpolines
[    0.352476] [      T0] Spectre V1 : Mitigation: usercopy/swapgs barriers and __user pointer sanitization
[    0.352478] [      T0] Spectre V2 : Spectre v2 / SpectreRSB: Filling RSB on context switch and VMEXIT
[    0.352482] [      T0] x86/fpu: x87 FPU will use FXSAVE
[    0.374270] [      T0] Freeing SMP alternatives memory: 52K
[    0.374281] [      T0] pid_max: default: 32768 minimum: 301
[    0.375090] [      T0] landlock: Up and running.
[    0.375092] [      T0] Yama: becoming mindful.
[    0.375237] [      T0] AppArmor: AppArmor initialized
[    0.375728] [      T0] Mount-cache hash table entries: 65536 (order: 7, 524288 bytes, linear)
[    0.375864] [      T0] Mountpoint-cache hash table entries: 65536 (order: 7, 524288 bytes, linear)
[    0.378419] [      T0] process: System has AMD C1E erratum E400. Workaround enabled.
[    0.481448] [      T1] process: Switch to broadcast mode on CPU0
[    0.481456] [      T1] smpboot: CPU0: AMD Phenom(tm) II X4 965 Processor (family: 0x10, model: 0x4, stepping: 0x2)
[    0.481803] [      T1] Performance Events: AMD PMU driver.
[    0.481810] [      T1] ... version:                   0
[    0.481812] [      T1] ... bit width:                 48
[    0.481813] [      T1] ... generic counters:          4
[    0.481814] [      T1] ... generic bitmap:            000000000000000f
[    0.481815] [      T1] ... fixed-purpose counters:    0
[    0.481816] [      T1] ... fixed-purpose bitmap:      0000000000000000
[    0.481817] [      T1] ... value mask:                0000ffffffffffff
[    0.481818] [      T1] ... max period:                00007fffffffffff
[    0.481819] [      T1] ... global_ctrl mask:          000000000000000f
[    0.481951] [      T1] signal: max sigframe size: 1440
[    0.482017] [      T1] rcu: Hierarchical SRCU implementation.
[    0.482018] [      T1] rcu: 	Max phase no-delay instances is 400.
[    0.482106] [      T1] Timer migration: 1 hierarchy levels; 8 children per group; 1 crossnode level
[    0.482490] [      T9] NMI watchdog: Enabled. Permanently consumes one hw-PMU counter.
[    0.482627] [      T1] smp: Bringing up secondary CPUs ...
[    0.482839] [      T1] smpboot: x86: Booting SMP configuration:
[    0.482842] [      T1] .... node  #0, CPUs:      #1 #2 #3
[    0.001719] [      T0] process: Switch to broadcast mode on CPU1
[    0.001719] [      T0] process: Switch to broadcast mode on CPU2
[    0.001719] [      T0] process: Switch to broadcast mode on CPU3
[    0.486509] [      T1] smp: Brought up 1 node, 4 CPUs
[    0.486509] [      T1] smpboot: Total of 4 processors activated (27319.60 BogoMIPS)
[    0.488518] [      T1] Memory: 23926144K/25163960K available (22394K kernel code, 4663K rwdata, 9216K rodata, 5016K init, 4400K bss, 1228708K reserved, 0K cma-reserved)
[    0.489899] [      T1] devtmpfs: initialized
[    0.489899] [      T1] x86/mm: Memory block size: 128MB
[    0.492993] [      T1] ACPI: PM: Registering ACPI NVS region [mem 0xc7ea8000-0xc7ecffff] (163840 bytes)
[    0.492993] [      T1] clocksource: jiffies: mask: 0xffffffff max_cycles: 0xffffffff, max_idle_ns: 1911260446275000 ns
[    0.492993] [      T1] posixtimers hash table entries: 4096 (order: 4, 65536 bytes, linear)
[    0.492993] [      T1] futex hash table entries: 2048 (131072 bytes on 1 NUMA nodes, total 128 KiB, linear).
[    0.494103] [      T1] PM: RTC time: 10:57:22, date: 2026-01-15
[    0.495143] [      T1] NET: Registered PF_NETLINK/PF_ROUTE protocol family
[    0.496271] [      T1] DMA: preallocated 4096 KiB GFP_KERNEL pool for atomic allocations
[    0.497319] [      T1] DMA: preallocated 4096 KiB GFP_KERNEL|GFP_DMA pool for atomic allocations
[    0.498416] [      T1] DMA: preallocated 4096 KiB GFP_KERNEL|GFP_DMA32 pool for atomic allocations
[    0.498453] [      T1] audit: initializing netlink subsys (disabled)
[    0.498481] [     T44] audit: type=2000 audit(1768474642.151:1): state=initialized audit_enabled=0 res=1
[    0.498622] [      T1] thermal_sys: Registered thermal governor 'fair_share'
[    0.498624] [      T1] thermal_sys: Registered thermal governor 'bang_bang'
[    0.498626] [      T1] thermal_sys: Registered thermal governor 'step_wise'
[    0.498627] [      T1] thermal_sys: Registered thermal governor 'user_space'
[    0.498628] [      T1] thermal_sys: Registered thermal governor 'power_allocator'
[    0.498640] [      T1] cpuidle: using governor ladder
[    0.498640] [      T1] cpuidle: using governor menu
[    0.498640] [      T1] node 0 link 0: io port [1000, ffffff]
[    0.498640] [      T1] TOM: 00000000c8000000 aka 3200M
[    0.498640] [      T1] Fam 10h mmconf [mem 0xe0000000-0xefffffff]
[    0.498640] [      T1] node 0 link 0: mmio [a0000, bffff]
[    0.498640] [      T1] node 0 link 0: mmio [c8000000, dfffffff]
[    0.498640] [      T1] node 0 link 0: mmio [e0000000, efffffff] ==> none
[    0.498640] [      T1] node 0 link 0: mmio [f0000000, ffefffff]
[    0.498640] [      T1] TOM2: 0000000638000000 aka 25472M
[    0.498640] [      T1] bus: [bus 00-07] on node 0 link 0
[    0.498640] [      T1] bus: 00 [io  0x0000-0xffff]
[    0.498640] [      T1] bus: 00 [mem 0x000a0000-0x000bffff]
[    0.498640] [      T1] bus: 00 [mem 0xc8000000-0xdfffffff]
[    0.498640] [      T1] bus: 00 [mem 0xf0000000-0xffffffff]
[    0.498640] [      T1] bus: 00 [mem 0x638000000-0xfcffffffff]
[    0.498640] [      T1] acpiphp: ACPI Hot Plug PCI Controller Driver version: 0.5
[    0.498876] [      T1] PCI: ECAM [mem 0xe0000000-0xefffffff] (base 0xe0000000) for domain 0000 [bus 00-ff]
[    0.498882] [      T1] PCI: not using ECAM ([mem 0xe0000000-0xefffffff] not reserved)
[    0.498884] [      T1] PCI: Using configuration type 1 for base access
[    0.498885] [      T1] PCI: Using configuration type 1 for extended access
[    0.499448] [      T1] mtrr: your CPUs had inconsistent variable MTRR settings
[    0.499450] [      T1] mtrr: probably your BIOS does not setup all CPUs.
[    0.499450] [      T1] mtrr: corrected configuration.
[    0.499504] [      T1] kprobes: kprobe jump-optimization is enabled. All kprobes are optimized if possible.
[    0.501723] [      T1] HugeTLB: registered 1.00 GiB page size, pre-allocated 0 pages
[    0.501723] [      T1] HugeTLB: 16380 KiB vmemmap can be freed for a 1.00 GiB page
[    0.501723] [      T1] HugeTLB: registered 2.00 MiB page size, pre-allocated 0 pages
[    0.501723] [      T1] HugeTLB: 28 KiB vmemmap can be freed for a 2.00 MiB page
[    0.505664] [      T1] ACPI: Added _OSI(Module Device)
[    0.505664] [      T1] ACPI: Added _OSI(Processor Device)
[    0.505664] [      T1] ACPI: Added _OSI(Processor Aggregator Device)
[    0.515543] [      T1] ACPI: 2 ACPI AML tables successfully acquired and loaded
[    0.533769] [      T1] ACPI: Interpreter enabled
[    0.533800] [      T1] ACPI: PM: (supports S0 S1 S3 S4 S5)
[    0.533802] [      T1] ACPI: Using IOAPIC for interrupt routing
[    0.534302] [      T1] PCI: ECAM [mem 0xe0000000-0xefffffff] (base 0xe0000000) for domain 0000 [bus 00-ff]
[    0.535963] [      T1] PCI: ECAM [mem 0xe0000000-0xefffffff] reserved as ACPI motherboard resource
[    0.535978] [      T1] PCI: Using host bridge windows from ACPI; if necessary, use "pci=nocrs" and report a bug
[    0.535979] [      T1] PCI: Using E820 reservations for host bridge windows
[    0.536508] [      T1] ACPI: Enabled 8 GPEs in block 00 to 1F
[    0.545735] [      T1] ACPI: PCI Root Bridge [PCI0] (domain 0000 [bus 00-ff])
[    0.545744] [      T1] acpi PNP0A03:00: _OSC: OS supports [ExtendedConfig ASPM ClockPM Segments MSI EDR HPX-Type3]
[    0.546118] [      T1] PCI host bridge to bus 0000:00
[    0.546122] [      T1] pci_bus 0000:00: root bus resource [io  0x0000-0x0cf7 window]
[    0.546125] [      T1] pci_bus 0000:00: root bus resource [io  0x0d00-0xffff window]
[    0.546127] [      T1] pci_bus 0000:00: root bus resource [mem 0x000a0000-0x000bffff window]
[    0.546129] [      T1] pci_bus 0000:00: root bus resource [mem 0x000d0000-0x000dffff window]
[    0.546131] [      T1] pci_bus 0000:00: root bus resource [mem 0xc7f00000-0xdfffffff window]
[    0.546133] [      T1] pci_bus 0000:00: root bus resource [mem 0xf0000000-0xfebfffff window]
[    0.546135] [      T1] pci_bus 0000:00: root bus resource [bus 00-ff]
[    0.546160] [      T1] pci 0000:00:00.0: [1022:9601] type 00 class 0x060000 conventional PCI endpoint
[    0.546283] [      T1] pci 0000:00:02.0: [1022:9603] type 01 class 0x060400 PCIe Root Port
[    0.546294] [      T1] pci 0000:00:02.0: PCI bridge to [bus 01]
[    0.546298] [      T1] pci 0000:00:02.0:   bridge window [io  0xc000-0xcfff]
[    0.546300] [      T1] pci 0000:00:02.0:   bridge window [mem 0xfd000000-0xfe9fffff]
[    0.546305] [      T1] pci 0000:00:02.0:   bridge window [mem 0xce000000-0xdfffffff 64bit pref]
[    0.546311] [      T1] pci 0000:00:02.0: enabling Extended Tags
[    0.546336] [      T1] pci 0000:00:02.0: PME# supported from D0 D3hot D3cold
[    0.546448] [      T1] pci 0000:00:0a.0: [1022:9609] type 01 class 0x060400 PCIe Root Port
[    0.546458] [      T1] pci 0000:00:0a.0: PCI bridge to [bus 02]
[    0.546462] [      T1] pci 0000:00:0a.0:   bridge window [io  0xd000-0xdfff]
[    0.546464] [      T1] pci 0000:00:0a.0:   bridge window [mem 0xfea00000-0xfeafffff]
[    0.546468] [      T1] pci 0000:00:0a.0:   bridge window [mem 0xfbf00000-0xfbffffff 64bit pref]
[    0.546474] [      T1] pci 0000:00:0a.0: enabling Extended Tags
[    0.546497] [      T1] pci 0000:00:0a.0: PME# supported from D0 D3hot D3cold
[    0.546598] [      T1] pci 0000:00:11.0: [1002:4390] type 00 class 0x01018f conventional PCI endpoint
[    0.546641] [      T1] pci 0000:00:11.0: BAR 0 [io  0xb000-0xb007]
[    0.546644] [      T1] pci 0000:00:11.0: BAR 1 [io  0xa000-0xa003]
[    0.546647] [      T1] pci 0000:00:11.0: BAR 2 [io  0x9000-0x9007]
[    0.546649] [      T1] pci 0000:00:11.0: BAR 3 [io  0x8000-0x8003]
[    0.546652] [      T1] pci 0000:00:11.0: BAR 4 [io  0x7000-0x700f]
[    0.546654] [      T1] pci 0000:00:11.0: BAR 5 [mem 0xfcfffc00-0xfcffffff]
[    0.546669] [      T1] pci 0000:00:11.0: set SATA to AHCI mode
[    0.546775] [      T1] pci 0000:00:12.0: [1002:4397] type 00 class 0x0c0310 conventional PCI endpoint
[    0.546817] [      T1] pci 0000:00:12.0: BAR 0 [mem 0xfcffe000-0xfcffefff]
[    0.546911] [      T1] pci 0000:00:12.1: [1002:4398] type 00 class 0x0c0310 conventional PCI endpoint
[    0.546953] [      T1] pci 0000:00:12.1: BAR 0 [mem 0xfcffd000-0xfcffdfff]
[    0.547045] [      T1] pci 0000:00:12.2: [1002:4396] type 00 class 0x0c0320 conventional PCI endpoint
[    0.547088] [      T1] pci 0000:00:12.2: BAR 0 [mem 0xfcfff800-0xfcfff8ff]
[    0.547128] [      T1] pci 0000:00:12.2: supports D1 D2
[    0.547130] [      T1] pci 0000:00:12.2: PME# supported from D0 D1 D2 D3hot
[    0.547217] [      T1] pci 0000:00:13.0: [1002:4397] type 00 class 0x0c0310 conventional PCI endpoint
[    0.547260] [      T1] pci 0000:00:13.0: BAR 0 [mem 0xfcffc000-0xfcffcfff]
[    0.547355] [      T1] pci 0000:00:13.1: [1002:4398] type 00 class 0x0c0310 conventional PCI endpoint
[    0.547397] [      T1] pci 0000:00:13.1: BAR 0 [mem 0xfcffb000-0xfcffbfff]
[    0.547510] [      T1] pci 0000:00:13.2: [1002:4396] type 00 class 0x0c0320 conventional PCI endpoint
[    0.547552] [      T1] pci 0000:00:13.2: BAR 0 [mem 0xfcfff400-0xfcfff4ff]
[    0.547593] [      T1] pci 0000:00:13.2: supports D1 D2
[    0.547594] [      T1] pci 0000:00:13.2: PME# supported from D0 D1 D2 D3hot
[    0.547692] [      T1] pci 0000:00:14.0: [1002:4385] type 00 class 0x0c0500 conventional PCI endpoint
[    0.547840] [      T1] pci 0000:00:14.1: [1002:439c] type 00 class 0x01018a conventional PCI endpoint
[    0.547882] [      T1] pci 0000:00:14.1: BAR 0 [io  0x0000-0x0007]
[    0.547885] [      T1] pci 0000:00:14.1: BAR 1 [io  0x0000-0x0003]
[    0.547887] [      T1] pci 0000:00:14.1: BAR 2 [io  0x0000-0x0007]
[    0.547890] [      T1] pci 0000:00:14.1: BAR 3 [io  0x0000-0x0003]
[    0.547892] [      T1] pci 0000:00:14.1: BAR 4 [io  0xff00-0xff0f]
[    0.547899] [      T1] pci 0000:00:14.1: BAR 0 [io  0x01f0-0x01f7]: legacy IDE quirk
[    0.547901] [      T1] pci 0000:00:14.1: BAR 1 [io  0x03f6]: legacy IDE quirk
[    0.547903] [      T1] pci 0000:00:14.1: BAR 2 [io  0x0170-0x0177]: legacy IDE quirk
[    0.547904] [      T1] pci 0000:00:14.1: BAR 3 [io  0x0376]: legacy IDE quirk
[    0.548003] [      T1] pci 0000:00:14.2: [1002:4383] type 00 class 0x040300 conventional PCI endpoint
[    0.548047] [      T1] pci 0000:00:14.2: BAR 0 [mem 0xfcff4000-0xfcff7fff 64bit]
[    0.548081] [      T1] pci 0000:00:14.2: PME# supported from D0 D3hot D3cold
[    0.548158] [      T1] pci 0000:00:14.3: [1002:439d] type 00 class 0x060100 conventional PCI endpoint
[    0.548301] [      T1] pci 0000:00:14.4: [1002:4384] type 01 class 0x060401 conventional PCI bridge
[    0.548329] [      T1] pci 0000:00:14.4: PCI bridge to [bus 03] (subtractive decode)
[    0.548334] [      T1] pci 0000:00:14.4:   bridge window [io  0xe000-0xefff]
[    0.548338] [      T1] pci 0000:00:14.4:   bridge window [mem 0xfeb00000-0xfebfffff]
[    0.548431] [      T1] pci 0000:00:14.5: [1002:4399] type 00 class 0x0c0310 conventional PCI endpoint
[    0.548474] [      T1] pci 0000:00:14.5: BAR 0 [mem 0xfcffa000-0xfcffafff]
[    0.548572] [      T1] pci 0000:00:18.0: [1022:1200] type 00 class 0x060000 conventional PCI endpoint
[    0.548617] [      T1] pci 0000:00:18.1: [1022:1201] type 00 class 0x060000 conventional PCI endpoint
[    0.548659] [      T1] pci 0000:00:18.2: [1022:1202] type 00 class 0x060000 conventional PCI endpoint
[    0.548704] [      T1] pci 0000:00:18.3: [1022:1203] type 00 class 0x060000 conventional PCI endpoint
[    0.548748] [      T1] pci 0000:00:18.4: [1022:1204] type 00 class 0x060000 conventional PCI endpoint
[    0.548841] [      T1] pci 0000:01:00.0: [10de:1b82] type 00 class 0x030000 PCIe Legacy Endpoint
[    0.548871] [      T1] pci 0000:01:00.0: BAR 0 [mem 0xfd000000-0xfdffffff]
[    0.548875] [      T1] pci 0000:01:00.0: BAR 1 [mem 0xd0000000-0xdfffffff 64bit pref]
[    0.548878] [      T1] pci 0000:01:00.0: BAR 3 [mem 0xce000000-0xcfffffff 64bit pref]
[    0.548881] [      T1] pci 0000:01:00.0: BAR 5 [io  0xcc00-0xcc7f]
[    0.548883] [      T1] pci 0000:01:00.0: ROM [mem 0xfe980000-0xfe9fffff pref]
[    0.548910] [      T1] pci 0000:01:00.0: Video device with shadowed ROM at [mem 0x000c0000-0x000dffff]
[    0.549010] [      T1] pci 0000:01:00.0: 32.000 Gb/s available PCIe bandwidth, limited by 2.5 GT/s PCIe x16 link at 0000:00:02.0 (capable of 126.016 Gb/s with 8.0 GT/s PCIe x16 link)
[    0.549075] [      T1] pci 0000:01:00.1: [10de:10f0] type 00 class 0x040300 PCIe Endpoint
[    0.549105] [      T1] pci 0000:01:00.1: BAR 0 [mem 0xfe97c000-0xfe97ffff]
[    0.549227] [      T1] pci 0000:00:02.0: PCI bridge to [bus 01]
[    0.549272] [      T1] pci 0000:02:00.0: [10ec:8168] type 00 class 0x020000 PCIe Endpoint
[    0.549311] [      T1] pci 0000:02:00.0: BAR 0 [io  0xd800-0xd8ff]
[    0.549315] [      T1] pci 0000:02:00.0: BAR 2 [mem 0xfbfff000-0xfbffffff 64bit pref]
[    0.549319] [      T1] pci 0000:02:00.0: BAR 4 [mem 0xfbff8000-0xfbffbfff 64bit pref]
[    0.549322] [      T1] pci 0000:02:00.0: ROM [mem 0xfeaf0000-0xfeafffff pref]
[    0.549389] [      T1] pci 0000:02:00.0: supports D1 D2
[    0.549390] [      T1] pci 0000:02:00.0: PME# supported from D0 D1 D2 D3hot D3cold
[    0.549520] [      T1] pci 0000:00:0a.0: PCI bridge to [bus 02]
[    0.549536] [      T1] pci_bus 0000:03: extended config space not accessible
[    0.549579] [      T1] pci 0000:03:08.0: [1106:3044] type 00 class 0x0c0010 conventional PCI endpoint
[    0.549639] [      T1] pci 0000:03:08.0: BAR 0 [mem 0xfebff800-0xfebfffff]
[    0.549642] [      T1] pci 0000:03:08.0: BAR 1 [io  0xec00-0xec7f]
[    0.549689] [      T1] pci 0000:03:08.0: supports D2
[    0.549691] [      T1] pci 0000:03:08.0: PME# supported from D2 D3hot D3cold
[    0.549773] [      T1] pci 0000:00:14.4: PCI bridge to [bus 03] (subtractive decode)
[    0.549782] [      T1] pci 0000:00:14.4:   bridge window [io  0x0000-0x0cf7 window] (subtractive decode)
[    0.549784] [      T1] pci 0000:00:14.4:   bridge window [io  0x0d00-0xffff window] (subtractive decode)
[    0.549786] [      T1] pci 0000:00:14.4:   bridge window [mem 0x000a0000-0x000bffff window] (subtractive decode)
[    0.549788] [      T1] pci 0000:00:14.4:   bridge window [mem 0x000d0000-0x000dffff window] (subtractive decode)
[    0.549789] [      T1] pci 0000:00:14.4:   bridge window [mem 0xc7f00000-0xdfffffff window] (subtractive decode)
[    0.549791] [      T1] pci 0000:00:14.4:   bridge window [mem 0xf0000000-0xfebfffff window] (subtractive decode)
[    0.551217] [      T1] ACPI: PCI: Interrupt link LNKA configured for IRQ 10
[    0.551269] [      T1] ACPI: PCI: Interrupt link LNKB configured for IRQ 11
[    0.551320] [      T1] ACPI: PCI: Interrupt link LNKC configured for IRQ 10
[    0.551370] [      T1] ACPI: PCI: Interrupt link LNKD configured for IRQ 10
[    0.551457] [      T1] ACPI: PCI: Interrupt link LNKE configured for IRQ 0
[    0.551459] [      T1] ACPI: PCI: Interrupt link LNKE disabled
[    0.551509] [      T1] ACPI: PCI: Interrupt link LNKF configured for IRQ 0
[    0.551511] [      T1] ACPI: PCI: Interrupt link LNKF disabled
[    0.551560] [      T1] ACPI: PCI: Interrupt link LNKG configured for IRQ 11
[    0.551610] [      T1] ACPI: PCI: Interrupt link LNKH configured for IRQ 10
[    0.551792] [      T1] iommu: Default domain type: Translated
[    0.551792] [      T1] iommu: DMA domain TLB invalidation policy: lazy mode
[    0.551792] [      T1] SCSI subsystem initialized
[    0.551792] [      T1] libata version 3.00 loaded.
[    0.551792] [      T1] ACPI: bus type USB registered
[    0.551792] [      T1] usbcore: registered new interface driver usbfs
[    0.551792] [      T1] usbcore: registered new interface driver hub
[    0.551792] [      T1] usbcore: registered new device driver usb
[    0.551792] [      T1] pps_core: LinuxPPS API ver. 1 registered
[    0.551792] [      T1] pps_core: Software ver. 5.3.6 - Copyright 2005-2007 Rodolfo Giometti <giometti@linux.it>
[    0.551792] [      T1] PTP clock support registered
[    0.551792] [      T1] EDAC MC: Ver: 3.0.0
[    0.552691] [      T1] NetLabel: Initializing
[    0.552693] [      T1] NetLabel:  domain hash size = 128
[    0.552694] [      T1] NetLabel:  protocols = UNLABELED CIPSOv4 CALIPSO
[    0.552720] [      T1] NetLabel:  unlabeled traffic allowed by default
[    0.552747] [      T1] mctp: management component transport protocol core
[    0.552747] [      T1] NET: Registered PF_MCTP protocol family
[    0.552747] [      T1] PCI: Using ACPI for IRQ routing
[    0.561371] [      T1] PCI: pci_cache_line_size set to 64 bytes
[    0.561433] [      T1] e820: reserve RAM buffer [mem 0x0009f000-0x0009ffff]
[    0.561436] [      T1] e820: reserve RAM buffer [mem 0xc7e90000-0xc7ffffff]
[    0.561457] [      T1] pci 0000:01:00.0: vgaarb: setting as boot VGA device
[    0.561457] [      T1] pci 0000:01:00.0: vgaarb: bridge control possible
[    0.561457] [      T1] pci 0000:01:00.0: vgaarb: VGA device added: decodes=io+mem,owns=io+mem,locks=none
[    0.561457] [      T1] vgaarb: loaded
[    0.561474] [      T1] hpet0: at MMIO 0xfed00000, IRQs 2, 8, 0, 0
[    0.561481] [      T1] hpet0: 4 comparators, 32-bit 14.318180 MHz counter
[    0.563466] [      T1] clocksource: Switched to clocksource tsc-early
[    0.564906] [      T1] VFS: Disk quotas dquot_6.6.0
[    0.564945] [      T1] VFS: Dquot-cache hash table entries: 512 (order 0, 4096 bytes)
[    0.565239] [      T1] AppArmor: AppArmor Filesystem Enabled
[    0.565259] [      T1] pnp: PnP ACPI init
[    0.566078] [      T1] pnp 00:02: [dma 0 disabled]
[    0.566787] [      T1] pnp 00:03: [dma 0 disabled]
[    0.566975] [      T1] system 00:04: [mem 0xfec00000-0xfec00fff] could not be reserved
[    0.566978] [      T1] system 00:04: [mem 0xfee00000-0xfee00fff] has been reserved
[    0.567251] [      T1] system 00:05: [io  0x04d0-0x04d1] has been reserved
[    0.567254] [      T1] system 00:05: [io  0x040b] has been reserved
[    0.567256] [      T1] system 00:05: [io  0x04d6] has been reserved
[    0.567258] [      T1] system 00:05: [io  0x0c00-0x0c01] has been reserved
[    0.567260] [      T1] system 00:05: [io  0x0c14] has been reserved
[    0.567262] [      T1] system 00:05: [io  0x0c50-0x0c51] has been reserved
[    0.567263] [      T1] system 00:05: [io  0x0c52] has been reserved
[    0.567265] [      T1] system 00:05: [io  0x0c6c] has been reserved
[    0.567267] [      T1] system 00:05: [io  0x0c6f] has been reserved
[    0.567269] [      T1] system 00:05: [io  0x0cd0-0x0cd1] has been reserved
[    0.567270] [      T1] system 00:05: [io  0x0cd2-0x0cd3] has been reserved
[    0.567272] [      T1] system 00:05: [io  0x0cd4-0x0cd5] has been reserved
[    0.567278] [      T1] system 00:05: [io  0x0cd6-0x0cd7] has been reserved
[    0.567279] [      T1] system 00:05: [io  0x0cd8-0x0cdf] has been reserved
[    0.567281] [      T1] system 00:05: [io  0x0b00-0x0b3f] has been reserved
[    0.567283] [      T1] system 00:05: [io  0x0800-0x089f] has been reserved
[    0.567285] [      T1] system 00:05: [io  0x0b00-0x0b0f] has been reserved
[    0.567287] [      T1] system 00:05: [io  0x0b20-0x0b3f] has been reserved
[    0.567289] [      T1] system 00:05: [io  0x0900-0x090f] has been reserved
[    0.567291] [      T1] system 00:05: [io  0x0910-0x091f] has been reserved
[    0.567293] [      T1] system 00:05: [io  0xfe00-0xfefe] has been reserved
[    0.567295] [      T1] system 00:05: [mem 0xc7f00000-0xc7ffffff] has been reserved
[    0.567297] [      T1] system 00:05: [mem 0xffb80000-0xffbfffff] has been reserved
[    0.567299] [      T1] system 00:05: [mem 0xfec10000-0xfec1001f] has been reserved
[    0.567301] [      T1] system 00:05: [mem 0xfed40000-0xfed44fff] has been reserved
[    0.567504] [      T1] system 00:06: [io  0x0230-0x023f] has been reserved
[    0.567506] [      T1] system 00:06: [io  0x0290-0x029f] has been reserved
[    0.567508] [      T1] system 00:06: [io  0x0300-0x030f] has been reserved
[    0.567510] [      T1] system 00:06: [io  0x0a30-0x0a3f] has been reserved
[    0.567574] [      T1] system 00:07: [mem 0xe0000000-0xefffffff] has been reserved
[    0.567852] [      T1] pnp 00:08: disabling [mem 0x000c0000-0x000cffff] because it overlaps 0000:01:00.0 BAR 6 [mem 0x000c0000-0x000dffff]
[    0.567877] [      T1] system 00:08: [mem 0x00000000-0x0009ffff] could not be reserved
[    0.567879] [      T1] system 00:08: [mem 0x000e0000-0x000fffff] could not be reserved
[    0.567881] [      T1] system 00:08: [mem 0x00100000-0xc7efffff] could not be reserved
[    0.567884] [      T1] system 00:08: [mem 0xfec00000-0xffffffff] could not be reserved
[    0.567994] [      T1] pnp: PnP ACPI: found 9 devices
[    0.574590] [      T1] clocksource: acpi_pm: mask: 0xffffff max_cycles: 0xffffff, max_idle_ns: 2085701024 ns
[    0.574906] [      T1] NET: Registered PF_INET protocol family
[    0.575398] [      T1] IP idents hash table entries: 262144 (order: 9, 2097152 bytes, linear)
[    0.578901] [      T1] tcp_listen_portaddr_hash hash table entries: 16384 (order: 6, 262144 bytes, linear)
[    0.578994] [      T1] Table-perturb hash table entries: 65536 (order: 6, 262144 bytes, linear)
[    0.579505] [      T1] TCP established hash table entries: 262144 (order: 9, 2097152 bytes, linear)
[    0.580351] [      T1] TCP bind hash table entries: 65536 (order: 9, 2097152 bytes, linear)
[    0.580666] [      T1] TCP: Hash tables configured (established 262144 bind 65536)
[    0.581112] [      T1] MPTCP token hash table entries: 32768 (order: 8, 786432 bytes, linear)
[    0.581505] [      T1] UDP hash table entries: 16384 (order: 8, 1048576 bytes, linear)
[    0.581948] [      T1] UDP-Lite hash table entries: 16384 (order: 8, 1048576 bytes, linear)
[    0.582277] [      T1] NET: Registered PF_UNIX/PF_LOCAL protocol family
[    0.582297] [      T1] NET: Registered PF_XDP protocol family
[    0.582322] [      T1] pci 0000:00:02.0: PCI bridge to [bus 01]
[    0.582327] [      T1] pci 0000:00:02.0:   bridge window [io  0xc000-0xcfff]
[    0.582331] [      T1] pci 0000:00:02.0:   bridge window [mem 0xfd000000-0xfe9fffff]
[    0.582334] [      T1] pci 0000:00:02.0:   bridge window [mem 0xce000000-0xdfffffff 64bit pref]
[    0.582338] [      T1] pci 0000:00:0a.0: PCI bridge to [bus 02]
[    0.582340] [      T1] pci 0000:00:0a.0:   bridge window [io  0xd000-0xdfff]
[    0.582343] [      T1] pci 0000:00:0a.0:   bridge window [mem 0xfea00000-0xfeafffff]
[    0.582345] [      T1] pci 0000:00:0a.0:   bridge window [mem 0xfbf00000-0xfbffffff 64bit pref]
[    0.582349] [      T1] pci 0000:00:14.4: PCI bridge to [bus 03]
[    0.582352] [      T1] pci 0000:00:14.4:   bridge window [io  0xe000-0xefff]
[    0.582356] [      T1] pci 0000:00:14.4:   bridge window [mem 0xfeb00000-0xfebfffff]
[    0.582366] [      T1] pci_bus 0000:00: resource 4 [io  0x0000-0x0cf7 window]
[    0.582368] [      T1] pci_bus 0000:00: resource 5 [io  0x0d00-0xffff window]
[    0.582370] [      T1] pci_bus 0000:00: resource 6 [mem 0x000a0000-0x000bffff window]
[    0.582372] [      T1] pci_bus 0000:00: resource 7 [mem 0x000d0000-0x000dffff window]
[    0.582373] [      T1] pci_bus 0000:00: resource 8 [mem 0xc7f00000-0xdfffffff window]
[    0.582375] [      T1] pci_bus 0000:00: resource 9 [mem 0xf0000000-0xfebfffff window]
[    0.582377] [      T1] pci_bus 0000:01: resource 0 [io  0xc000-0xcfff]
[    0.582379] [      T1] pci_bus 0000:01: resource 1 [mem 0xfd000000-0xfe9fffff]
[    0.582381] [      T1] pci_bus 0000:01: resource 2 [mem 0xce000000-0xdfffffff 64bit pref]
[    0.582383] [      T1] pci_bus 0000:02: resource 0 [io  0xd000-0xdfff]
[    0.582384] [      T1] pci_bus 0000:02: resource 1 [mem 0xfea00000-0xfeafffff]
[    0.582386] [      T1] pci_bus 0000:02: resource 2 [mem 0xfbf00000-0xfbffffff 64bit pref]
[    0.582388] [      T1] pci_bus 0000:03: resource 0 [io  0xe000-0xefff]
[    0.582390] [      T1] pci_bus 0000:03: resource 1 [mem 0xfeb00000-0xfebfffff]
[    0.582391] [      T1] pci_bus 0000:03: resource 4 [io  0x0000-0x0cf7 window]
[    0.582393] [      T1] pci_bus 0000:03: resource 5 [io  0x0d00-0xffff window]
[    0.582395] [      T1] pci_bus 0000:03: resource 6 [mem 0x000a0000-0x000bffff window]
[    0.582397] [      T1] pci_bus 0000:03: resource 7 [mem 0x000d0000-0x000dffff window]
[    0.582399] [      T1] pci_bus 0000:03: resource 8 [mem 0xc7f00000-0xdfffffff window]
[    0.582400] [      T1] pci_bus 0000:03: resource 9 [mem 0xf0000000-0xfebfffff window]
[    0.626316] [      T1] pci 0000:00:12.0: quirk_usb_early_handoff+0x0/0x770 took 42817 usecs
[    0.647300] [      T1] pci 0000:00:12.1: quirk_usb_early_handoff+0x0/0x770 took 20478 usecs
[    0.668304] [      T1] pci 0000:00:13.0: quirk_usb_early_handoff+0x0/0x770 took 20349 usecs
[    0.689306] [      T1] pci 0000:00:13.1: quirk_usb_early_handoff+0x0/0x770 took 20501 usecs
[    0.710306] [      T1] pci 0000:00:14.5: quirk_usb_early_handoff+0x0/0x770 took 20333 usecs
[    0.710330] [      T1] pci 0000:01:00.1: extending delay after power-on from D3hot to 20 msec
[    0.710374] [      T1] pci 0000:01:00.1: D0 power state depends on 0000:01:00.0
[    0.710386] [      T1] PCI: CLS 64 bytes, default 64
[    0.710406] [      T1] PCI-DMA: Using software bounce buffering for IO (SWIOTLB)
[    0.710407] [      T1] software IO TLB: mapped [mem 0x000000009c000000-0x00000000a0000000] (64MB)
[    0.710463] [      T1] LVT offset 1 assigned for vector 0x400
[    0.710467] [      T1] LVT offset 1 assigned
[    0.710515] [     T47] Trying to unpack rootfs image as initramfs...
[    0.710517] [      T1] perf: AMD IBS detected (0x0000001f)
[    0.711072] [      T1] Initialise system trusted keyrings
[    0.711094] [      T1] Key type blacklist registered
[    0.711209] [      T1] workingset: timestamp_bits=36 max_order=23 bucket_order=0
[    0.713498] [      T1] squashfs: version 4.0 (2009/01/31) Phillip Lougher
[    0.714320] [      T1] fuse: init (API version 7.45)
[    0.714584] [      T1] integrity: Platform Keyring initialized
[    0.714596] [      T1] integrity: Machine keyring initialized
[    0.731311] [      T1] Key type asymmetric registered
[    0.731313] [      T1] Asymmetric key parser 'x509' registered
[    0.731379] [      T1] Block layer SCSI generic (bsg) driver version 0.4 loaded (major 242)
[    0.731503] [      T1] io scheduler mq-deadline registered
[    0.734244] [      T1] ledtrig-cpu: registered to indicate activity on CPUs
[    0.734956] [      T1] input: Power Button as /devices/LNXSYSTM:00/LNXSYBUS:00/PNP0C0C:00/input/input0
[    0.734994] [      T1] ACPI: button: Power Button [PWRB]
[    0.735037] [      T1] input: Power Button as /devices/LNXSYSTM:00/LNXPWRBN:00/input/input1
[    0.735083] [      T1] ACPI: button: Power Button [PWRF]
[    0.735182] [     T20] ACPI: processor limited to max C-state 1
[    0.735879] [      T1] Serial: 8250/16550 driver, 32 ports, IRQ sharing enabled
[    0.756645] [      T1] 00:03: ttyS0 at I/O 0x3f8 (irq = 4, base_baud = 115200) is a 16550A
[    0.759528] [      T1] Linux agpgart interface v0.103
[    0.759593] [      T1] ACPI: bus type drm_connector registered
[    0.762267] [      T1] loop: module loaded
[    0.762636] [      T1] tun: Universal TUN/TAP device driver, 1.6
[    0.762684] [      T1] PPP generic driver version 2.4.2
[    0.762950] [      T9] ehci-pci 0000:00:12.2: EHCI Host Controller
[    0.762959] [      T9] ehci-pci 0000:00:12.2: new USB bus registered, assigned bus number 1
[    0.762964] [      T9] ehci-pci 0000:00:12.2: applying AMD SB700/SB800/Hudson-2/3 EHCI dummy qh workaround
[    0.762973] [      T9] ehci-pci 0000:00:12.2: debug port 1
[    0.763023] [      T9] ehci-pci 0000:00:12.2: irq 17, io mem 0xfcfff800
[    0.768173] [      T9] ehci-pci 0000:00:12.2: USB 2.0 started, EHCI 1.00
[    0.768253] [      T9] usb usb1: New USB device found, idVendor=1d6b, idProduct=0002, bcdDevice= 6.19
[    0.768255] [      T9] usb usb1: New USB device strings: Mfr=3, Product=2, SerialNumber=1
[    0.768257] [      T9] usb usb1: Product: EHCI Host Controller
[    0.768259] [      T9] usb usb1: Manufacturer: Linux 6.19.0-rc5-paxsudos-master-stcp ehci_hcd
[    0.768260] [      T9] usb usb1: SerialNumber: 0000:00:12.2
[    0.768397] [      T9] hub 1-0:1.0: USB hub found
[    0.768405] [      T9] hub 1-0:1.0: 6 ports detected
[    0.768566] [     T10] ohci-pci 0000:00:12.0: OHCI PCI host controller
[    0.768571] [     T10] ohci-pci 0000:00:12.0: new USB bus registered, assigned bus number 2
[    0.768601] [     T10] ohci-pci 0000:00:12.0: irq 16, io mem 0xfcffe000
[    0.823264] [     T10] usb usb2: New USB device found, idVendor=1d6b, idProduct=0001, bcdDevice= 6.19
[    0.823272] [     T10] usb usb2: New USB device strings: Mfr=3, Product=2, SerialNumber=1
[    0.823274] [     T10] usb usb2: Product: OHCI PCI host controller
[    0.823275] [     T10] usb usb2: Manufacturer: Linux 6.19.0-rc5-paxsudos-master-stcp ohci_hcd
[    0.823277] [     T10] usb usb2: SerialNumber: 0000:00:12.0
[    0.823444] [     T10] hub 2-0:1.0: USB hub found
[    0.823455] [     T10] hub 2-0:1.0: 3 ports detected
[    0.823586] [     T74] ehci-pci 0000:00:13.2: EHCI Host Controller
[    0.823592] [     T74] ehci-pci 0000:00:13.2: new USB bus registered, assigned bus number 3
[    0.823597] [     T74] ehci-pci 0000:00:13.2: applying AMD SB700/SB800/Hudson-2/3 EHCI dummy qh workaround
[    0.823608] [     T74] ehci-pci 0000:00:13.2: debug port 1
[    0.823658] [     T74] ehci-pci 0000:00:13.2: irq 19, io mem 0xfcfff400
[    0.829177] [     T74] ehci-pci 0000:00:13.2: USB 2.0 started, EHCI 1.00
[    0.829236] [     T74] usb usb3: New USB device found, idVendor=1d6b, idProduct=0002, bcdDevice= 6.19
[    0.829239] [     T74] usb usb3: New USB device strings: Mfr=3, Product=2, SerialNumber=1
[    0.829241] [     T74] usb usb3: Product: EHCI Host Controller
[    0.829242] [     T74] usb usb3: Manufacturer: Linux 6.19.0-rc5-paxsudos-master-stcp ehci_hcd
[    0.829244] [     T74] usb usb3: SerialNumber: 0000:00:13.2
[    0.829357] [     T74] hub 3-0:1.0: USB hub found
[    0.829364] [     T74] hub 3-0:1.0: 6 ports detected
[    0.829529] [     T10] ohci-pci 0000:00:12.1: OHCI PCI host controller
[    0.829538] [     T10] ohci-pci 0000:00:12.1: new USB bus registered, assigned bus number 4
[    0.829566] [     T10] ohci-pci 0000:00:12.1: irq 16, io mem 0xfcffd000
[    0.884274] [     T10] usb usb4: New USB device found, idVendor=1d6b, idProduct=0001, bcdDevice= 6.19
[    0.884282] [     T10] usb usb4: New USB device strings: Mfr=3, Product=2, SerialNumber=1
[    0.884284] [     T10] usb usb4: Product: OHCI PCI host controller
[    0.884285] [     T10] usb usb4: Manufacturer: Linux 6.19.0-rc5-paxsudos-master-stcp ohci_hcd
[    0.884287] [     T10] usb usb4: SerialNumber: 0000:00:12.1
[    0.884451] [     T10] hub 4-0:1.0: USB hub found
[    0.884461] [     T10] hub 4-0:1.0: 3 ports detected
[    0.884820] [     T10] ohci-pci 0000:00:13.0: OHCI PCI host controller
[    0.884827] [     T10] ohci-pci 0000:00:13.0: new USB bus registered, assigned bus number 5
[    0.884869] [     T10] ohci-pci 0000:00:13.0: irq 18, io mem 0xfcffc000
[    0.939465] [     T10] usb usb5: New USB device found, idVendor=1d6b, idProduct=0001, bcdDevice= 6.19
[    0.939473] [     T10] usb usb5: New USB device strings: Mfr=3, Product=2, SerialNumber=1
[    0.939476] [     T10] usb usb5: Product: OHCI PCI host controller
[    0.939478] [     T10] usb usb5: Manufacturer: Linux 6.19.0-rc5-paxsudos-master-stcp ohci_hcd
[    0.939479] [     T10] usb usb5: SerialNumber: 0000:00:13.0
[    0.939655] [     T10] hub 5-0:1.0: USB hub found
[    0.939665] [     T10] hub 5-0:1.0: 3 ports detected
[    0.940016] [     T10] ohci-pci 0000:00:13.1: OHCI PCI host controller
[    0.940023] [     T10] ohci-pci 0000:00:13.1: new USB bus registered, assigned bus number 6
[    0.940058] [     T10] ohci-pci 0000:00:13.1: irq 18, io mem 0xfcffb000
[    0.994278] [     T10] usb usb6: New USB device found, idVendor=1d6b, idProduct=0001, bcdDevice= 6.19
[    0.994287] [     T10] usb usb6: New USB device strings: Mfr=3, Product=2, SerialNumber=1
[    0.994289] [     T10] usb usb6: Product: OHCI PCI host controller
[    0.994291] [     T10] usb usb6: Manufacturer: Linux 6.19.0-rc5-paxsudos-master-stcp ohci_hcd
[    0.994293] [     T10] usb usb6: SerialNumber: 0000:00:13.1
[    0.994462] [     T10] hub 6-0:1.0: USB hub found
[    0.994473] [     T10] hub 6-0:1.0: 3 ports detected
[    0.994828] [     T10] ohci-pci 0000:00:14.5: OHCI PCI host controller
[    0.994835] [     T10] ohci-pci 0000:00:14.5: new USB bus registered, assigned bus number 7
[    0.994864] [     T10] ohci-pci 0000:00:14.5: irq 18, io mem 0xfcffa000
[    1.004355] [     T31] usb 1-2: new high-speed USB device number 2 using ehci-pci
[    1.049284] [     T10] usb usb7: New USB device found, idVendor=1d6b, idProduct=0001, bcdDevice= 6.19
[    1.049292] [     T10] usb usb7: New USB device strings: Mfr=3, Product=2, SerialNumber=1
[    1.049294] [     T10] usb usb7: Product: OHCI PCI host controller
[    1.049296] [     T10] usb usb7: Manufacturer: Linux 6.19.0-rc5-paxsudos-master-stcp ohci_hcd
[    1.049297] [     T10] usb usb7: SerialNumber: 0000:00:14.5
[    1.049474] [     T10] hub 7-0:1.0: USB hub found
[    1.049484] [     T10] hub 7-0:1.0: 2 ports detected
[    1.049807] [      T1] i8042: PNP: No PS/2 controller found.
[    1.049813] [      T1] i8042: Probing ports directly.
[    1.050224] [      T1] serio: i8042 KBD port at 0x60,0x64 irq 1
[    1.050237] [      T1] serio: i8042 AUX port at 0x60,0x64 irq 12
[    1.050505] [      T1] mousedev: PS/2 mouse device common for all mice
[    1.050668] [      T1] rtc_cmos 00:01: RTC can wake from S4
[    1.050912] [      T1] rtc_cmos 00:01: registered as rtc0
[    1.050941] [      T1] rtc_cmos 00:01: setting system clock to 2026-01-15T10:57:23 UTC (1768474643)
[    1.050985] [      T1] rtc_cmos 00:01: alarms up to one month, y3k, 114 bytes nvram, hpet irqs
[    1.051000] [      T1] i2c_dev: i2c /dev entries driver
[    1.051031] [      T1] device-mapper: core: CONFIG_IMA_DISABLE_HTABLE is disabled. Duplicate IMA measurements will not be recorded in the IMA log.
[    1.051078] [      T1] device-mapper: uevent: version 1.0.3
[    1.051177] [      T1] device-mapper: ioctl: 4.50.0-ioctl (2025-04-28) initialised: dm-devel@lists.linux.dev
[    1.051182] [      T1] amd_pstate: the _CPC object is not present in SBIOS or ACPI disabled
[    1.051185] [      T1] Relocating firmware framebuffer to offset 0x0000000001000000[d] within [mem 0xce000000-0xcfffffff flags 0x14220c]
[    1.051518] [      T1] simple-framebuffer simple-framebuffer.0: [drm] Registered 1 planes with drm panic
[    1.051538] [      T1] [drm] Initialized simpledrm 1.0.0 for simple-framebuffer.0 on minor 0
[    1.052307] [      T1] fbcon: Deferring console take-over
[    1.052312] [      T1] simple-framebuffer simple-framebuffer.0: [drm] fb0: simpledrmdrmfb frame buffer device
[    1.052391] [      T1] drop_monitor: Initializing network drop monitor service
[    1.052705] [      T1] NET: Registered PF_INET6 protocol family
[    1.053404] [      T1] Segment Routing with IPv6
[    1.053417] [      T1] In-situ OAM (IOAM) with IPv6
[    1.053447] [      T1] NET: Registered PF_PACKET protocol family
[    1.053507] [      T1] Key type dns_resolver registered
[    1.054058] [      T1] microcode: Current revision: 0x010000db
[    1.054061] [      T1] microcode: Updated early from: 0x01000086
[    1.054180] [      T1] IPI shorthand broadcast: enabled
[    1.056462] [      T1] sched_clock: Marking stable (1055446043, 719887)->(1067508193, -11342263)
[    1.056637] [      T1] registered taskstats version 1
[    1.058456] [      T1] Loading compiled-in X.509 certificates
[    1.059509] [      T1] Loaded X.509 cert 'Build time autogenerated kernel key: 9ab788ff84277a44e200fbdf820c96e0a50b949f'
[    1.065394] [      T1] Demotion targets for Node 0: null
[    1.065590] [      T1] Key type .fscrypt registered
[    1.065592] [      T1] Key type fscrypt-provisioning registered
[    1.129776] [     T31] usb 1-2: New USB device found, idVendor=045b, idProduct=0209, bcdDevice= 1.00
[    1.129784] [     T31] usb 1-2: New USB device strings: Mfr=0, Product=0, SerialNumber=0
[    1.130050] [     T31] hub 1-2:1.0: USB hub found
[    1.130143] [     T31] hub 1-2:1.0: 4 ports detected
[    1.249619] [     T47] Freeing initrd memory: 80164K
[    1.263443] [      T1] Key type encrypted registered
[    1.263450] [      T1] AppArmor: AppArmor sha256 policy hashing enabled
[    1.263453] [      T1] ima: No TPM chip found, activating TPM-bypass!
[    1.263463] [      T1] Loading compiled-in module X.509 certificates
[    1.264371] [      T1] Loaded X.509 cert 'Build time autogenerated kernel key: 9ab788ff84277a44e200fbdf820c96e0a50b949f'
[    1.264374] [      T1] ima: Allocated hash algorithm: sha256
[    1.264399] [      T1] ima: No architecture policies found
[    1.264420] [      T1] evm: Initialising EVM extended attributes:
[    1.264421] [      T1] evm: security.selinux
[    1.264422] [      T1] evm: security.SMACK64
[    1.264423] [      T1] evm: security.SMACK64EXEC
[    1.264424] [      T1] evm: security.SMACK64TRANSMUTE
[    1.264425] [      T1] evm: security.SMACK64MMAP
[    1.264426] [      T1] evm: security.apparmor
[    1.264426] [      T1] evm: security.ima
[    1.264427] [      T1] evm: security.capability
[    1.264428] [      T1] evm: HMAC attrs: 0x1
[    1.264777] [      T1] PM:   Magic number: 10:597:982
[    1.265127] [      T1] acpi_cpufreq: overriding BIOS provided _PSD data
[    1.265670] [      T1] RAS: Correctable Errors collector initialized.
[    1.265716] [      T1] clk: Disabling unused clocks
[    1.265718] [      T1] PM: genpd: Disabling unused power domains
[    1.272445] [      T1] Freeing unused decrypted memory: 2036K
[    1.276896] [      T1] Freeing unused kernel image (initmem) memory: 5016K
[    1.277007] [      T1] Write protecting the kernel read-only data: 32768k
[    1.278023] [      T1] Freeing unused kernel image (text/rodata gap) memory: 132K
[    1.279082] [      T1] Freeing unused kernel image (rodata/data gap) memory: 1024K
[    1.343460] [      T1] x86/mm: Checked W+X mappings: passed, no W+X pages found.
[    1.343467] [      T1] Run /init as init process
[    1.343468] [      T1]   with arguments:
[    1.343470] [      T1]     /init
[    1.343471] [      T1]     splash
[    1.343472] [      T1]   with environment:
[    1.343473] [      T1]     HOME=/
[    1.343474] [      T1]     TERM=linux
[    1.415203] [     T58] usb 1-2.1: new high-speed USB device number 3 using ehci-pci
[    1.458510] [     T58] usb 1-2.1: New USB device found, idVendor=1a40, idProduct=0101, bcdDevice= 1.11
[    1.458517] [     T58] usb 1-2.1: New USB device strings: Mfr=0, Product=1, SerialNumber=0
[    1.458520] [     T58] usb 1-2.1: Product: USB 2.0 Hub
[    1.458785] [     T58] hub 1-2.1:1.0: USB hub found
[    1.458877] [     T58] hub 1-2.1:1.0: 4 ports detected
[    1.505824] [     T74] scsi host0: pata_atiixp
[    1.506114] [     T74] scsi host1: pata_atiixp
[    1.506163] [     T74] ata1: PATA max UDMA/100 cmd 0x1f0 ctl 0x3f6 bmdma 0xff00 irq 14 lpm-pol 0
[    1.506166] [     T74] ata2: PATA max UDMA/100 cmd 0x170 ctl 0x376 bmdma 0xff08 irq 15 lpm-pol 0
[    1.533756] [     T58] usb 1-2.2: new full-speed USB device number 4 using ehci-pci
[    1.627819] [     T58] usb 1-2.2: New USB device found, idVendor=10c4, idProduct=ea60, bcdDevice= 1.00
[    1.627829] [     T58] usb 1-2.2: New USB device strings: Mfr=1, Product=2, SerialNumber=3
[    1.627833] [     T58] usb 1-2.2: Product: CP2104 USB to UART Bridge Controller
[    1.627836] [     T58] usb 1-2.2: Manufacturer: Silicon Labs
[    1.627838] [     T58] usb 1-2.2: SerialNumber: 0221C253
[    1.659869] [     T58] tsc: Refined TSC clocksource calibration: 3415.216 MHz
[    1.659893] [     T58] clocksource: tsc: mask: 0xffffffffffffffff max_cycles: 0x313a753d11b, max_idle_ns: 440795365617 ns
[    1.671601] [     T58] clocksource: Switched to clocksource tsc
[    1.685411] [    T152] ata2.01: ATA-11: ST10000NE000-3AP101, EN01, max UDMA/133
[    1.685418] [    T152] ata2.01: 19532873728 sectors, multi 16: LBA48 NCQ (depth 0/32)
[    1.696632] [     T12] scsi 1:0:1:0: Direct-Access     ATA      ST10000NE000-3AP EN01 PQ: 0 ANSI: 5
[    1.697018] [     T12] sd 1:0:1:0: Attached scsi generic sg0 type 0
[    1.697350] [     T48] sd 1:0:1:0: [sda] 19532873728 512-byte logical blocks: (10.0 TB/9.10 TiB)
[    1.697367] [     T48] sd 1:0:1:0: [sda] 4096-byte physical blocks
[    1.697406] [     T48] sd 1:0:1:0: [sda] Write Protect is off
[    1.697416] [     T48] sd 1:0:1:0: [sda] Mode Sense: 00 3a 00 00
[    1.697470] [     T48] sd 1:0:1:0: [sda] Write cache: enabled, read cache: enabled, doesn't support DPO or FUA
[    1.697567] [     T48] sd 1:0:1:0: [sda] Preferred minimum I/O size 4096 bytes
[    1.772125] [     T48]  sda: sda1 sda2 sda3 sda4 sda5 sda6 sda7 sda8
[    1.773378] [     T48] sd 1:0:1:0: [sda] Attached SCSI disk
[    1.783847] [     T74] ahci 0000:00:11.0: AHCI vers 0001.0100, 32 command slots, 3 Gbps, SATA mode
[    1.783867] [     T74] ahci 0000:00:11.0: 4/4 ports implemented (port mask 0xf)
[    1.783876] [     T74] ahci 0000:00:11.0: flags: 64bit ncq sntf ilck pm led clo pmp pio slum part ccc 
[    1.785845] [     T74] scsi host2: ahci
[    1.786167] [     T74] scsi host3: ahci
[    1.786314] [     T74] scsi host4: ahci
[    1.787793] [     T74] scsi host5: ahci
[    1.787867] [     T74] ata3: SATA max UDMA/133 abar m1024@0xfcfffc00 port 0xfcfffd00 irq 22 lpm-pol 3
[    1.787871] [     T74] ata4: SATA max UDMA/133 abar m1024@0xfcfffc00 port 0xfcfffd80 irq 22 lpm-pol 3
[    1.787874] [     T74] ata5: SATA max UDMA/133 abar m1024@0xfcfffc00 port 0xfcfffe00 irq 22 lpm-pol 3
[    1.787876] [     T74] ata6: SATA max UDMA/133 abar m1024@0xfcfffc00 port 0xfcfffe80 irq 22 lpm-pol 3
[    1.789445] [     T74] r8169 0000:02:00.0: can't disable ASPM; OS doesn't have ASPM control
[    1.793930] [     T74] r8169 0000:02:00.0 eth0: RTL8168d/8111d, e0:cb:4e:b4:8f:7d, XID 283, IRQ 26
[    1.793937] [     T74] r8169 0000:02:00.0 eth0: jumbo features [frames: 9194 bytes, tx checksumming: ko]
[    1.851841] [     T37] usb 1-2.1.2: new low-speed USB device number 5 using ehci-pci
[    2.048465] [     T37] usb 1-2.1.2: New USB device found, idVendor=046d, idProduct=c077, bcdDevice=72.00
[    2.048479] [     T37] usb 1-2.1.2: New USB device strings: Mfr=1, Product=2, SerialNumber=0
[    2.048487] [     T37] usb 1-2.1.2: Product: USB Optical Mouse
[    2.048493] [     T37] usb 1-2.1.2: Manufacturer: Logitech
[    2.083883] [    T140] hid: raw HID events driver (C) Jiri Kosina
[    2.098975] [    T205] ata6: SATA link down (SStatus 0 SControl 300)
[    2.099033] [    T201] ata4: SATA link down (SStatus 0 SControl 300)
[    2.227882] [     T37] usb 1-2.1.3: new low-speed USB device number 6 using ehci-pci
[    2.251885] [    T203] ata5: SATA link up 1.5 Gbps (SStatus 113 SControl 300)
[    2.251931] [    T199] ata3: SATA link up 3.0 Gbps (SStatus 123 SControl 300)
[    2.252836] [    T203] ata5.00: HPA detected: current 488395055, native 488397168
[    2.252852] [    T203] ata5.00: ATA-7: ST3250310AS, 3.AAF, max UDMA/133
[    2.252862] [    T203] ata5.00: 488395055 sectors, multi 16: LBA48 NCQ (depth 32)
[    2.254061] [    T203] ata5.00: configured for UDMA/133
[    2.272696] [    T199] ata3.00: HPA detected: current 976771055, native 976773168
[    2.272710] [    T199] ata3.00: ATA-8: SAMSUNG HD501LJ, CR100-10, max UDMA7
[    2.273015] [    T199] ata3.00: 976771055 sectors, multi 16: LBA48 NCQ (depth 32), AA
[    2.275843] [    T199] ata3.00: configured for UDMA/133
[    2.277182] [     T48] scsi 2:0:0:0: Direct-Access     ATA      SAMSUNG HD501LJ  0-10 PQ: 0 ANSI: 5
[    2.278282] [     T48] sd 2:0:0:0: Attached scsi generic sg1 type 0
[    2.278386] [     T76] sd 2:0:0:0: [sdb] 976771055 512-byte logical blocks: (500 GB/466 GiB)
[    2.278432] [     T76] sd 2:0:0:0: [sdb] Write Protect is off
[    2.278442] [     T76] sd 2:0:0:0: [sdb] Mode Sense: 00 3a 00 00
[    2.278520] [     T76] sd 2:0:0:0: [sdb] Write cache: enabled, read cache: enabled, doesn't support DPO or FUA
[    2.278644] [     T76] sd 2:0:0:0: [sdb] Preferred minimum I/O size 512 bytes
[    2.279087] [     T47] scsi 4:0:0:0: Direct-Access     ATA      ST3250310AS      F    PQ: 0 ANSI: 5
[    2.280202] [     T47] sd 4:0:0:0: Attached scsi generic sg2 type 0
[    2.280282] [     T48] sd 4:0:0:0: [sdc] 488395055 512-byte logical blocks: (250 GB/233 GiB)
[    2.280327] [     T48] sd 4:0:0:0: [sdc] Write Protect is off
[    2.280337] [     T48] sd 4:0:0:0: [sdc] Mode Sense: 00 3a 00 00
[    2.280428] [     T48] sd 4:0:0:0: [sdc] Write cache: enabled, read cache: enabled, doesn't support DPO or FUA
[    2.280539] [     T48] sd 4:0:0:0: [sdc] Preferred minimum I/O size 512 bytes
[    2.310952] [     T76]  sdb: sdb1 sdb2 sdb3
[    2.311551] [     T76] sd 2:0:0:0: [sdb] Attached SCSI disk
[    2.340911] [     T48]  sdc: sdc1 sdc2 sdc3 sdc4
[    2.341620] [     T48] sd 4:0:0:0: [sdc] Attached SCSI disk
[    2.352862] [    T137] r8169 0000:02:00.0 enp2s0: renamed from eth0
[    2.353254] [    T140] usbcore: registered new interface driver usbhid
[    2.353258] [    T140] usbhid: USB HID core driver
[    2.360674] [    T131] input: Logitech USB Optical Mouse as /devices/pci0000:00/0000:00:12.2/usb1/1-2/1-2.1/1-2.1.2/1-2.1.2:1.0/0003:046D:C077.0001/input/input5
[    2.360802] [    T131] hid-generic 0003:046D:C077.0001: input,hidraw0: USB HID v1.11 Mouse [Logitech USB Optical Mouse] on usb-0000:00:12.2-2.1.2/input0
[    2.405876] [     T74] firewire_ohci 0000:03:08.0: added OHCI v1.10 device as card 0, 4 IR + 8 IT contexts, quirks 0x11
[    2.432839] [     T37] usb 1-2.1.3: New USB device found, idVendor=046d, idProduct=c31c, bcdDevice=49.00
[    2.432858] [     T37] usb 1-2.1.3: New USB device strings: Mfr=1, Product=2, SerialNumber=0
[    2.432867] [     T37] usb 1-2.1.3: Product: USB Keyboard
[    2.432874] [     T37] usb 1-2.1.3: Manufacturer: Logitech
[    2.441511] [     T37] input: Logitech USB Keyboard as /devices/pci0000:00/0000:00:12.2/usb1/1-2/1-2.1/1-2.1.3/1-2.1.3:1.0/0003:046D:C31C.0002/input/input6
[    2.492136] [     T37] hid-generic 0003:046D:C31C.0002: input,hidraw1: USB HID v1.10 Keyboard [Logitech USB Keyboard] on usb-0000:00:12.2-2.1.3/input0
[    2.497040] [     T37] input: Logitech USB Keyboard as /devices/pci0000:00/0000:00:12.2/usb1/1-2/1-2.1/1-2.1.3/1-2.1.3:1.1/0003:046D:C31C.0003/input/input7
[    2.548228] [     T37] hid-generic 0003:046D:C31C.0003: input,hidraw2: USB HID v1.10 Device [Logitech USB Keyboard] on usb-0000:00:12.2-2.1.3/input1
[    2.657294] [      C1] random: crng init done
[    2.908330] [     T48] firewire_core 0000:03:08.0: created device fw0: GUID 1e00000000008c00, S400, quirks 00000000
[    3.665628] [    T238] PM: Image not found (code -22)
[    4.296399] [    T260] EXT4-fs (sda3): mounted filesystem 904e7ae0-ad22-4d33-8204-b27353acff1f ro with ordered data mode. Quota mode: none.
[    5.189772] [      T1] systemd[1]: Inserted module 'autofs4'
[    5.285692] [      T1] systemd[1]: systemd 257.4-1ubuntu3.2 running in system mode (+PAM +AUDIT +SELINUX +APPARMOR +IMA +IPE +SMACK +SECCOMP +GCRYPT -GNUTLS +OPENSSL +ACL +BLKID +CURL +ELFUTILS +FIDO2 +IDN2 -IDN +IPTC +KMOD +LIBCRYPTSETUP +LIBCRYPTSETUP_PLUGINS +LIBFDISK +PCRE2 +PWQUALITY +P11KIT +QRENCODE +TPM2 +BZIP2 +LZ4 +XZ +ZLIB +ZSTD +BPF_FRAMEWORK +BTF -XKBCOMMON -UTMP +SYSVINIT +LIBARCHIVE)
[    5.285756] [      T1] systemd[1]: Detected architecture x86-64.
[    5.309401] [      T1] systemd[1]: Hostname set to <devaus>.
[    5.454205] [      T1] systemd[1]: bpf-restrict-fs: BPF LSM hook not enabled in the kernel, BPF LSM not supported.
[    7.018751] [      T1] systemd[1]: Queued start job for default target graphical.target.
[    7.079966] [      T1] systemd[1]: Created slice system-cups.slice - CUPS Slice.
[    7.082394] [      T1] systemd[1]: Created slice system-modprobe.slice - Slice /system/modprobe.
[    7.084642] [      T1] systemd[1]: Created slice system-systemd\x2dfsck.slice - Slice /system/systemd-fsck.
[    7.086154] [      T1] systemd[1]: Created slice user.slice - User and Session Slice.
[    7.086389] [      T1] systemd[1]: Started systemd-ask-password-wall.path - Forward Password Requests to Wall Directory Watch.
[    7.087088] [      T1] systemd[1]: Set up automount proc-sys-fs-binfmt_misc.automount - Arbitrary Executable File Formats File System Automount Point.
[    7.087174] [      T1] systemd[1]: Expecting device dev-disk-by\x2duuid-1A63\x2dCF57.device - /dev/disk/by-uuid/1A63-CF57...
[    7.087209] [      T1] systemd[1]: Expecting device dev-disk-by\x2duuid-1dd9a09e\x2da5e9\x2d4e4d\x2db20f\x2d83f818d73023.device - /dev/disk/by-uuid/1dd9a09e-a5e9-4e4d-b20f-83f818d73023...
[    7.087242] [      T1] systemd[1]: Expecting device dev-disk-by\x2duuid-3a66a81c\x2db036\x2d4e8a\x2da80e\x2d4bab1669eb38.device - /dev/disk/by-uuid/3a66a81c-b036-4e8a-a80e-4bab1669eb38...
[    7.087279] [      T1] systemd[1]: Expecting device dev-disk-by\x2duuid-74348fd6\x2dbbe0\x2d4bcc\x2d9ace\x2d30c946664d42.device - /dev/disk/by-uuid/74348fd6-bbe0-4bcc-9ace-30c946664d42...
[    7.087313] [      T1] systemd[1]: Expecting device dev-disk-by\x2duuid-c8d4f991\x2dbf6d\x2d4b71\x2db398\x2df1d56a48c262.device - /dev/disk/by-uuid/c8d4f991-bf6d-4b71-b398-f1d56a48c262...
[    7.087348] [      T1] systemd[1]: Expecting device dev-disk-by\x2duuid-f0e4388b\x2df606\x2d4543\x2dafdc\x2d5503226e9cb9.device - /dev/disk/by-uuid/f0e4388b-f606-4543-afdc-5503226e9cb9...
[    7.087444] [      T1] systemd[1]: Reached target integritysetup.target - Local Integrity Protected Volumes.
[    7.087617] [      T1] systemd[1]: Reached target slices.target - Slice Units.
[    7.087686] [      T1] systemd[1]: Reached target snapd.mounts-pre.target - Mounting snaps.
[    7.087857] [      T1] systemd[1]: Reached target veritysetup.target - Local Verity Protected Volumes.
[    7.103901] [      T1] systemd[1]: Listening on rpcbind.socket - RPCbind Server Activation Socket.
[    7.104566] [      T1] systemd[1]: Listening on syslog.socket - Syslog Socket.
[    7.109579] [      T1] systemd[1]: Listening on systemd-creds.socket - Credential Encryption/Decryption.
[    7.109913] [      T1] systemd[1]: Listening on systemd-fsckd.socket - fsck to fsckd communication Socket.
[    7.110177] [      T1] systemd[1]: Listening on systemd-initctl.socket - initctl Compatibility Named Pipe.
[    7.110462] [      T1] systemd[1]: Listening on systemd-journald-dev-log.socket - Journal Socket (/dev/log).
[    7.110900] [      T1] systemd[1]: Listening on systemd-journald.socket - Journal Sockets.
[    7.111556] [      T1] systemd[1]: Listening on systemd-oomd.socket - Userspace Out-Of-Memory (OOM) Killer Socket.
[    7.111645] [      T1] systemd[1]: systemd-pcrextend.socket - TPM PCR Measurements was skipped because of an unmet condition check (ConditionSecurity=measured-uki).
[    7.111766] [      T1] systemd[1]: systemd-pcrlock.socket - Make TPM PCR Policy was skipped because of an unmet condition check (ConditionSecurity=measured-uki).
[    7.112080] [      T1] systemd[1]: Listening on systemd-udevd-control.socket - udev Control Socket.
[    7.112345] [      T1] systemd[1]: Listening on systemd-udevd-kernel.socket - udev Kernel Socket.
[    7.121220] [      T1] systemd[1]: Mounting dev-hugepages.mount - Huge Pages File System...
[    7.124628] [      T1] systemd[1]: Mounting dev-mqueue.mount - POSIX Message Queue File System...
[    7.128486] [      T1] systemd[1]: Mounting run-lock.mount - Legacy Locks Directory /run/lock...
[    7.130196] [      T1] systemd[1]: Mounting sys-kernel-debug.mount - Kernel Debug File System...
[    7.134318] [      T1] systemd[1]: Mounting sys-kernel-tracing.mount - Kernel Trace File System...
[    7.141362] [      T1] systemd[1]: Starting systemd-journald.service - Journal Service...
[    7.141474] [      T1] systemd[1]: auth-rpcgss-module.service - Kernel Module supporting RPCSEC_GSS was skipped because of an unmet condition check (ConditionPathExists=/etc/krb5.keytab).
[    7.146000] [      T1] systemd[1]: Starting keyboard-setup.service - Set the console keyboard layout...
[    7.147413] [      T1] systemd[1]: Starting kmod-static-nodes.service - Create List of Static Device Nodes...
[    7.148496] [      T1] systemd[1]: Starting modprobe@configfs.service - Load Kernel Module configfs...
[    7.157963] [      T1] systemd[1]: Starting modprobe@drm.service - Load Kernel Module drm...
[    7.159997] [      T1] systemd[1]: Starting modprobe@efi_pstore.service - Load Kernel Module efi_pstore...
[    7.161807] [      T1] systemd[1]: Starting modprobe@fuse.service - Load Kernel Module fuse...
[    7.162018] [      T1] systemd[1]: systemd-fsck-root.service - File System Check on Root Device was skipped because of an unmet condition check (ConditionPathExists=!/run/initramfs/fsck-root).
[    7.162079] [      T1] systemd[1]: systemd-hibernate-clear.service - Clear Stale Hibernate Storage Info was skipped because of an unmet condition check (ConditionPathExists=/sys/firmware/efi/efivars/HibernateLocation-8cf2644b-4b0b-428f-9387-6d876050dc67).
[    7.185934] [      T1] systemd[1]: Starting systemd-modules-load.service - Load Kernel Modules...
[    7.187870] [      T1] systemd[1]: Starting systemd-oomd.service - Userspace Out-Of-Memory (OOM) Killer...
[    7.187892] [      T1] systemd[1]: systemd-pcrmachine.service - TPM PCR Machine ID Measurement was skipped because of an unmet condition check (ConditionSecurity=measured-uki).
[    7.188910] [      T1] systemd[1]: Starting systemd-remount-fs.service - Remount Root and Kernel File Systems...
[    7.188967] [      T1] systemd[1]: systemd-tpm2-setup-early.service - Early TPM SRK Setup was skipped because of an unmet condition check (ConditionSecurity=measured-uki).
[    7.190428] [      T1] systemd[1]: Starting systemd-udev-load-credentials.service - Load udev Rules from Credentials...
[    7.194029] [      T1] systemd[1]: Starting systemd-udev-trigger.service - Coldplug All udev Devices...
[    7.198807] [      T1] systemd[1]: Mounted dev-hugepages.mount - Huge Pages File System.
[    7.198930] [      T1] systemd[1]: Mounted dev-mqueue.mount - POSIX Message Queue File System.
[    7.199018] [      T1] systemd[1]: Mounted run-lock.mount - Legacy Locks Directory /run/lock.
[    7.199145] [      T1] systemd[1]: Mounted sys-kernel-debug.mount - Kernel Debug File System.
[    7.199232] [      T1] systemd[1]: Mounted sys-kernel-tracing.mount - Kernel Trace File System.
[    7.199527] [      T1] systemd[1]: Finished kmod-static-nodes.service - Create List of Static Device Nodes.
[    7.199988] [      T1] systemd[1]: modprobe@configfs.service: Deactivated successfully.
[    7.200175] [      T1] systemd[1]: Finished modprobe@configfs.service - Load Kernel Module configfs.
[    7.201008] [      T1] systemd[1]: modprobe@drm.service: Deactivated successfully.
[    7.201186] [      T1] systemd[1]: Finished modprobe@drm.service - Load Kernel Module drm.
[    7.201451] [      T1] systemd[1]: modprobe@fuse.service: Deactivated successfully.
[    7.201611] [      T1] systemd[1]: Finished modprobe@fuse.service - Load Kernel Module fuse.
[    7.202834] [      T1] systemd[1]: Mounting sys-fs-fuse-connections.mount - FUSE Control File System...
[    7.203753] [      T1] systemd[1]: Mounting sys-kernel-config.mount - Kernel Configuration File System...
[    7.206939] [      T1] systemd[1]: Starting systemd-tmpfiles-setup-dev-early.service - Create Static Device Nodes in /dev gracefully...
[    7.207293] [      T1] systemd[1]: modprobe@efi_pstore.service: Deactivated successfully.
[    7.207620] [      T1] systemd[1]: Finished modprobe@efi_pstore.service - Load Kernel Module efi_pstore.
[    7.210108] [      T1] systemd[1]: Mounted sys-fs-fuse-connections.mount - FUSE Control File System.
[    7.210986] [      T1] systemd[1]: Mounted sys-kernel-config.mount - Kernel Configuration File System.
[    7.236942] [    T341] EXT4-fs (sda3): re-mounted 904e7ae0-ad22-4d33-8204-b27353acff1f r/w.
[    7.238062] [      T1] systemd[1]: Finished systemd-remount-fs.service - Remount Root and Kernel File Systems.
[    7.269891] [    T320] systemd-journald[320]: Collecting audit messages is disabled.
[    7.270060] [      T1] systemd[1]: systemd-hwdb-update.service - Rebuild Hardware Database was skipped because of an unmet condition check (ConditionNeedsUpdate=/etc).
[    7.304356] [      T1] systemd[1]: Finished systemd-udev-load-credentials.service - Load udev Rules from Credentials.
[    7.333879] [      T1] systemd[1]: Started systemd-journald.service - Journal Service.
[    7.357782] [    T330] lp: driver loaded but no devices found
[    7.383820] [    T330] ppdev: user-space parallel port driver
[    7.394822] [    T330] parport_pc 00:02: reported by Plug and Play ACPI
[    7.394912] [    T330] parport0: PC-style at 0x378, irq 7 [PCSPP,TRISTATE]
[    7.490190] [    T330] lp0: using parport0 (interrupt-driven).
[    8.565505] [     T74] ACPI Warning: SystemIO range 0x0000000000000B00-0x0000000000000B08 conflicts with OpRegion 0x0000000000000B00-0x0000000000000B0F (\SOR1) (20250807/utaddress-204)
[    8.565521] [     T74] ACPI Warning: SystemIO range 0x0000000000000B00-0x0000000000000B08 conflicts with OpRegion 0x0000000000000B00-0x0000000000000B2F (\_SB.PCI0.SBRG.ASOC.SMRG) (20250807/utaddress-204)
[    8.565526] [     T74] ACPI Warning: SystemIO range 0x0000000000000B00-0x0000000000000B08 conflicts with OpRegion 0x0000000000000B00-0x0000000000000B2F (\SMRG) (20250807/utaddress-204)
[    8.565531] [     T74] ACPI: OSL: Resource conflict; ACPI support missing from driver?
[    8.995903] [    T402] usbcore: registered new interface driver usbserial_generic
[    8.995918] [    T402] usbserial: USB Serial support registered for generic
[    9.012142] [    T402] usbcore: registered new interface driver cp210x
[    9.012168] [    T402] usbserial: USB Serial support registered for cp210x
[    9.012205] [    T402] cp210x 1-2.2:1.0: cp210x converter detected
[    9.013946] [    T402] usb 1-2.2: cp210x converter now attached to ttyUSB0
[    9.625054] [     T10] snd_hda_intel 0000:01:00.1: Disabling MSI
[    9.625074] [     T10] snd_hda_intel 0000:01:00.1: Handle vga_switcheroo audio client
[    9.647885] [    T596] Adding 51256316k swap on /dev/sdc4.  Priority:-1 extents:1 across:51256316k 
[    9.804062] [    T598] snd_hda_codec_via hdaudioC0D0: autoconfig for VT1708S: line_outs=4 (0x1c/0x19/0x22/0x23/0x0) type:line
[    9.804087] [    T598] snd_hda_codec_via hdaudioC0D0:    speaker_outs=0 (0x0/0x0/0x0/0x0/0x0)
[    9.804098] [    T598] snd_hda_codec_via hdaudioC0D0:    hp_outs=1 (0x1d/0x0/0x0/0x0/0x0)
[    9.804107] [    T598] snd_hda_codec_via hdaudioC0D0:    mono: mono_out=0x0
[    9.804113] [    T598] snd_hda_codec_via hdaudioC0D0:    dig-out=0x20/0x21
[    9.804119] [    T598] snd_hda_codec_via hdaudioC0D0:    inputs:
[    9.804143] [    T598] snd_hda_codec_via hdaudioC0D0:      Rear Mic=0x1a
[    9.804152] [    T598] snd_hda_codec_via hdaudioC0D0:      Front Mic=0x1e
[    9.804158] [    T598] snd_hda_codec_via hdaudioC0D0:      Line=0x1b
[    9.819229] [     T10] input: HDA NVidia HDMI/DP,pcm=3 as /devices/pci0000:00/0000:00:02.0/0000:01:00.1/sound/card1/input8
[    9.819313] [     T10] input: HDA NVidia HDMI/DP,pcm=7 as /devices/pci0000:00/0000:00:02.0/0000:01:00.1/sound/card1/input9
[    9.819669] [     T10] input: HDA NVidia HDMI/DP,pcm=8 as /devices/pci0000:00/0000:00:02.0/0000:01:00.1/sound/card1/input10
[    9.821618] [     T10] input: HDA NVidia HDMI/DP,pcm=9 as /devices/pci0000:00/0000:00:02.0/0000:01:00.1/sound/card1/input11
[    9.822931] [     T74] input: HDA ATI SB Rear Mic as /devices/pci0000:00/0000:00:14.2/sound/card0/input12
[    9.822985] [     T74] input: HDA ATI SB Front Mic as /devices/pci0000:00/0000:00:14.2/sound/card0/input13
[    9.823620] [     T74] input: HDA ATI SB Line as /devices/pci0000:00/0000:00:14.2/sound/card0/input14
[    9.823702] [     T74] input: HDA ATI SB Line Out Front as /devices/pci0000:00/0000:00:14.2/sound/card0/input15
[    9.823768] [     T74] input: HDA ATI SB Line Out Surround as /devices/pci0000:00/0000:00:14.2/sound/card0/input16
[    9.823823] [     T74] input: HDA ATI SB Line Out CLFE as /devices/pci0000:00/0000:00:14.2/sound/card0/input17
[    9.823898] [     T74] input: HDA ATI SB Line Out Side as /devices/pci0000:00/0000:00:14.2/sound/card0/input18
[    9.823966] [     T74] input: HDA ATI SB Front Headphone as /devices/pci0000:00/0000:00:14.2/sound/card0/input19
[    9.940681] [    T408] kvm_amd: Nested Virtualization enabled
[    9.940688] [    T408] kvm_amd: Nested Paging enabled
[    9.940690] [    T408] kvm_amd: LBR virtualization supported
[    9.986558] [    T399] MCE: In-kernel MCE decoding enabled.
[   10.395980] [      T9] nouveau 0000:01:00.0: NVIDIA GP104 (134000a1)
[   10.511627] [      T9] nouveau 0000:01:00.0: bios: version 86.04.85.00.72
[   10.608518] [      T9] nouveau 0000:01:00.0: pmu: firmware unavailable
[   10.664249] [      T9] nouveau 0000:01:00.0: vgaarb: deactivate vga console
[   10.664397] [      T9] nouveau 0000:01:00.0: fb: 8192 MiB GDDR5
[   10.698299] [      T9] nouveau 0000:01:00.0: drm: VRAM: 8192 MiB
[   10.698306] [      T9] nouveau 0000:01:00.0: drm: GART: 536870912 MiB
[   10.698310] [      T9] nouveau 0000:01:00.0: drm: BIT table 'A' not found
[   10.698312] [      T9] nouveau 0000:01:00.0: drm: BIT table 'L' not found
[   10.698313] [      T9] nouveau 0000:01:00.0: drm: TMDS table version 2.0
[   10.699712] [      T9] nouveau 0000:01:00.0: drm: MM: using COPY for buffer copies
[   10.701087] [      T9] snd_hda_intel 0000:01:00.1: bound 0000:01:00.0 (ops nv50_audio_component_bind_ops [nouveau])
[   10.713563] [    T634] EXT4-fs (sda4): mounted filesystem 1dd9a09e-a5e9-4e4d-b20f-83f818d73023 r/w with ordered data mode. Quota mode: none.
[   10.920137] [    T648] loop0: detected capacity change from 0 to 136904
[   10.954993] [      T9] nouveau 0000:01:00.0: [drm] Registered 4 planes with drm panic
[   10.959793] [      T9] [drm] Initialized nouveau 1.4.1 for 0000:01:00.0 on minor 1
[   11.035751] [    T644] loop1: detected capacity change from 0 to 113640
[   11.038492] [    T645] loop2: detected capacity change from 0 to 151376
[   11.039843] [      T9] fbcon: nouveaudrmfb (fb0) is primary device
[   11.039847] [      T9] fbcon: Deferring console take-over
[   11.039851] [      T9] nouveau 0000:01:00.0: [drm] fb0: nouveaudrmfb frame buffer device
[   11.100211] [    T643] loop3: detected capacity change from 0 to 8
[   11.134466] [    T646] loop4: detected capacity change from 0 to 151456
[   11.178219] [    T647] loop5: detected capacity change from 0 to 136896
[   11.198677] [    T649] loop6: detected capacity change from 0 to 46224
[   11.237138] [    T653] loop7: detected capacity change from 0 to 513656
[   11.322825] [    T705] loop8: detected capacity change from 0 to 22800
[   11.350280] [    T690] loop9: detected capacity change from 0 to 516320
[   12.318574] [    T320] systemd-journald[320]: Received client request to flush runtime journal.
[   13.002118] [    T320] systemd-journald[320]: File /var/log/journal/e83e72ed7f0b4cdd9a87a67f2490b5f3/system.journal corrupted or uncleanly shut down, renaming and replacing.
[   52.681216] [   T1028] EXT4-fs (sda7): mounted filesystem 74348fd6-bbe0-4bcc-9ace-30c946664d42 r/w with ordered data mode. Quota mode: none.
[   52.692018] [   T1034] EXT4-fs (sda5): mounted filesystem f0e4388b-f606-4543-afdc-5503226e9cb9 r/w with ordered data mode. Quota mode: none.
[   52.876602] [   T1041] EXT4-fs (sda6): mounted filesystem c8d4f991-bf6d-4b71-b398-f1d56a48c262 r/w with ordered data mode. Quota mode: none.
[   53.296781] [     T44] audit: type=1400 audit(1768474695.745:2): apparmor="STATUS" operation="profile_load" profile="unconfined" name="Discord" pid=1082 comm="apparmor_parser"
[   53.297372] [     T44] audit: type=1400 audit(1768474695.745:3): apparmor="STATUS" operation="profile_load" profile="unconfined" name="QtWebEngineProcess" pid=1084 comm="apparmor_parser"
[   53.297545] [     T44] audit: type=1400 audit(1768474695.745:4): apparmor="STATUS" operation="profile_load" profile="unconfined" name="1password" pid=1081 comm="apparmor_parser"
[   53.297708] [     T44] audit: type=1400 audit(1768474695.745:5): apparmor="STATUS" operation="profile_load" profile="unconfined" name=4D6F6E676F444220436F6D70617373 pid=1083 comm="apparmor_parser"
[   53.319835] [     T44] audit: type=1400 audit(1768474695.768:6): apparmor="STATUS" operation="profile_load" profile="unconfined" name="balena-etcher" pid=1088 comm="apparmor_parser"
[   53.339375] [     T44] audit: type=1400 audit(1768474695.787:7): apparmor="STATUS" operation="profile_load" profile="unconfined" name="bfdd" pid=1089 comm="apparmor_parser"
[   53.340588] [     T44] audit: type=1400 audit(1768474695.788:8): apparmor="STATUS" operation="profile_load" profile="unconfined" name="babeld" pid=1087 comm="apparmor_parser"
[   53.344101] [     T44] audit: type=1400 audit(1768474695.792:9): apparmor="STATUS" operation="profile_load" profile="unconfined" name="alsamixer" pid=1086 comm="apparmor_parser"
[   53.356415] [     T44] audit: type=1400 audit(1768474695.804:10): apparmor="STATUS" operation="profile_load" profile="unconfined" name="buildah" pid=1093 comm="apparmor_parser"
[   53.356846] [     T44] audit: type=1400 audit(1768474695.805:11): apparmor="STATUS" operation="profile_load" profile="unconfined" name="brave" pid=1092 comm="apparmor_parser"
[   53.839094] [   T1227] RPC: Registered named UNIX socket transport module.
[   53.839100] [   T1227] RPC: Registered udp transport module.
[   53.839102] [   T1227] RPC: Registered tcp transport module.
[   53.839103] [   T1227] RPC: Registered tcp-with-tls transport module.
[   53.839104] [   T1227] RPC: Registered tcp NFSv4.1 backchannel transport module.
[   60.486348] [   T1568] NET: Registered PF_QIPCRTR protocol family
[   60.823068] [   T1572] set_capacity_and_notify: 14 callbacks suppressed
[   60.823079] [   T1572] loop24: detected capacity change from 0 to 8
[   69.806761] [   T1441] RTL8211B Gigabit Ethernet r8169-0-200:00: attached PHY driver (mii_bus:phy_addr=r8169-0-200:00, irq=MAC)
[   69.948859] [    T750] r8169 0000:02:00.0 enp2s0: Link is Down
[   71.252284] [     T44] kauditd_printk_skb: 225 callbacks suppressed
[   71.252298] [     T44] audit: type=1400 audit(1768474713.700:237): apparmor="DENIED" operation="open" class="file" profile="/usr/sbin/cupsd" name="/etc/paperspecs" pid=1671 comm="cupsd" requested_mask="r" denied_mask="r" fsuid=0 ouid=0
[   72.293011] [     T44] audit: type=1400 audit(1768474714.741:238): apparmor="DENIED" operation="capable" class="cap" profile="/usr/sbin/cupsd" pid=1671 comm="cupsd" capability=12  capname="net_admin"
[   73.082838] [    T750] r8169 0000:02:00.0 enp2s0: Link is Up - 1Gbps/Full - flow control rx/tx
[   75.777395] [   T1700] netfs: FS-Cache loaded
[   76.652682] [   T1718] NFS: Registering the id_resolver key type
[   76.652698] [   T1718] Key type id_resolver registered
[   76.652699] [   T1718] Key type id_legacy registered
[   83.609067] [    T320] systemd-journald[320]: Time jumped backwards, rotating.
[   94.197937] [     T44] audit: type=1400 audit(1768474735.786:239): apparmor="STATUS" operation="profile_load" profile="unconfined" name="docker-default" pid=1978 comm="apparmor_parser"
[   99.040614] [   T2115] Initializing XFRM netlink socket
[   99.455603] [   T2116] bridge: filtering via arp/ip/ip6tables is no longer available by default. Update your scripts to load br_netfilter if you need this.
[  102.885197] [      C0] nouveau 0000:01:00.0: gr: FECS 00000001
[  102.885229] [      C0] nouveau 0000:01:00.0: gr: 409000 - done 00000300
[  102.885245] [      C0] nouveau 0000:01:00.0: gr: 409000 - stat 00003500 00000000 00000001 00000000
[  102.885264] [      C0] nouveau 0000:01:00.0: gr: 409000 - stat 00011900 00000000 00000018 00000000
[  102.885277] [      C0] nouveau 0000:01:00.0: gr: 502000 - done 00000300
[  102.885292] [      C0] nouveau 0000:01:00.0: gr: 502000 - stat 00000000 00000000 00000001 00000000
[  102.885309] [      C0] nouveau 0000:01:00.0: gr: 502000 - stat 00030747 00000000 00000000 00000000
[  102.885321] [      C0] nouveau 0000:01:00.0: gr: 50a000 - done 00000300
[  102.885336] [      C0] nouveau 0000:01:00.0: gr: 50a000 - stat 00000000 00000000 00000001 00000000
[  102.885352] [      C0] nouveau 0000:01:00.0: gr: 50a000 - stat 0003074a 00000000 00000000 00000000
[  102.885364] [      C0] nouveau 0000:01:00.0: gr: 512000 - done 00000300
[  102.885377] [      C0] nouveau 0000:01:00.0: gr: 512000 - stat 00000000 00000000 00000001 00000000
[  102.885392] [      C0] nouveau 0000:01:00.0: gr: 512000 - stat 0003074d 00000000 00000000 00000000
[  102.885404] [      C0] nouveau 0000:01:00.0: gr: 51a000 - done 00000300
[  102.885421] [      C0] nouveau 0000:01:00.0: gr: 51a000 - stat 00000000 00000000 00000001 00000000
[  102.885439] [      C0] nouveau 0000:01:00.0: gr: 51a000 - stat 00030750 00000000 00000000 00000000
[  106.867103] [   T2400] rfkill: input handler disabled
[  127.560675] [   T2400] rfkill: input handler enabled
[  131.845804] [   T3173] rfkill: input handler disabled
[  148.948469] [     T44] audit: type=1400 audit(1768474790.537:240): apparmor="DENIED" operation="mount" class="mount" info="failed mntpnt match" error=-13 profile="fusermount3" name="/" pid=3867 comm="fusermount3" flags="rw, rprivate"
[  231.922635] [   T3995] netconsole: netconsole: local port 6665
[  231.922644] [   T3995] netconsole: netconsole: local IPv4 address 192.168.1.21
[  231.922647] [   T3995] netconsole: netconsole: interface name 'enp2s0'
[  231.922649] [   T3995] netconsole: netconsole: local ethernet address 'ff:ff:ff:ff:ff:ff'
[  231.922651] [   T3995] netconsole: netconsole: remote port 6666
[  231.922653] [   T3995] netconsole: netconsole: remote IPv4 address 192.168.1.100
[  231.922655] [   T3995] netconsole: netconsole: remote ethernet address 90:1b:0e:10:ae:43
[  231.929905] [   T3995] printk: legacy console [netcon0] enabled
[  231.929910] [   T3995] netconsole: network logging started
[  237.271347] [   T4009] printk: legacy console [netcon0] disabled
[  237.276838] [   T4009] netconsole: network logging stopped on interface enp2s0 as it unregistered
[  237.314246] [   T4013] netconsole: netconsole: local port 6665
[  237.314254] [   T4013] netconsole: netconsole: local IPv4 address 192.168.1.21
[  237.314256] [   T4013] netconsole: netconsole: interface name 'enp2s0'
[  237.314258] [   T4013] netconsole: netconsole: local ethernet address 'ff:ff:ff:ff:ff:ff'
[  237.314259] [   T4013] netconsole: netconsole: remote port 6666
[  237.314260] [   T4013] netconsole: netconsole: remote IPv4 address 192.168.1.100
[  237.314262] [   T4013] netconsole: netconsole: remote ethernet address 90:1b:0e:10:ae:43
[  237.320893] [   T4013] printk: legacy console [netcon0] enabled
[  237.320897] [   T4013] netconsole: network logging started
[  267.377340] [   T4056] NETCONSOLE TEST OK
[  268.741116] [   T4060] NETCONSOLE TEST OK
[  269.462843] [   T4064] NETCONSOLE TEST OK
[  281.483675] [   T4085] printk: legacy console [netcon0] disabled
[  281.483795] [   T4085] netconsole: network logging stopped on interface enp2s0 as it unregistered
[  281.509515] [   T4087] netconsole: netconsole: local port 6665
[  281.509528] [   T4087] netconsole: netconsole: local IPv4 address 192.168.1.21
[  281.509531] [   T4087] netconsole: netconsole: interface name 'enp4s0f0'
[  281.509533] [   T4087] netconsole: netconsole: local ethernet address 'ff:ff:ff:ff:ff:ff'
[  281.509535] [   T4087] netconsole: netconsole: remote port 6666
[  281.509536] [   T4087] netconsole: netconsole: remote IPv4 address 192.168.1.100
[  281.509537] [   T4087] netconsole: netconsole: remote ethernet address 90:1b:0e:10:ae:43
[  281.509540] [   T4087] netpoll: netconsole: enp4s0f0 doesn't exist, aborting
[  281.509547] [   T4087] netconsole: Not enabling netconsole for cmdline0. Netpoll setup failed
[  281.509590] [   T4087] printk: legacy console [netcon0] enabled
[  281.509596] [   T4087] netconsole: network logging started
[  281.619963] [   T4089] stcp_rust: loading out-of-tree module taints kernel.
[  281.620001] [   T4089] stcp_rust: module verification failed: signature and/or required key missing - tainting kernel
[  281.627181] [   T4089] stcp/RUST[DBG]: stcp/RUST src/module_handlers.rs:6 the_stcp_kernel_module::module_handlers(): STCP rust module enter
[  281.627188] [   T4089] .----<[STCP by Paxsudos IT]>------------------------------------------------------------>
[  281.627195] [   T4089] |   STCP Initialised (Version 0.0.1-beta), Protocol number 253
[  281.627200] [   T4089] |   Build at 2026-01-15 10:47:53 UTC (6ac24442fc)
[  281.627203] [   T4089] '----------------------------------------------------------------------'
[  288.242674] [   T4101] printk: legacy console [netcon0] disabled
[  288.263884] [   T4103] netconsole: netconsole: local port 6665
[  288.263897] [   T4103] netconsole: netconsole: local IPv4 address 192.168.1.21
[  288.263900] [   T4103] netconsole: netconsole: interface name 'enp4s0f0'
[  288.263902] [   T4103] netconsole: netconsole: local ethernet address 'ff:ff:ff:ff:ff:ff'
[  288.263904] [   T4103] netconsole: netconsole: remote port 6666
[  288.263905] [   T4103] netconsole: netconsole: remote IPv4 address 192.168.1.100
[  288.263906] [   T4103] netconsole: netconsole: remote ethernet address 90:1b:0e:10:ae:43
[  288.263909] [   T4103] netpoll: netconsole: enp4s0f0 doesn't exist, aborting
[  288.263916] [   T4103] netconsole: Not enabling netconsole for cmdline0. Netpoll setup failed
[  288.263958] [   T4103] printk: legacy console [netcon0] enabled
[  288.263964] [   T4103] netconsole: network logging started
[  288.272107] [   T4104] stcp/RUST[DBG]: stcp/RUST src/module_handlers.rs:11 the_stcp_kernel_module::module_handlers(): STCP rust module exit
[  288.323517] [   T4105] stcp/RUST[DBG]: stcp/RUST src/module_handlers.rs:6 the_stcp_kernel_module::module_handlers(): STCP rust module enter
[  288.323531] [   T4105] .----<[STCP by Paxsudos IT]>------------------------------------------------------------>
[  288.323540] [   T4105] |   STCP Initialised (Version 0.0.1-beta), Protocol number 253
[  288.323543] [   T4105] |   Build at 2026-01-15 10:47:53 UTC (6ac24442fc)
[  288.323545] [   T4105] '----------------------------------------------------------------------'
[  313.007752] [     T44] audit: type=1400 audit(1768474954.594:241): apparmor="DENIED" operation="open" class="file" profile="snap.firefox.firefox" name="/proc/pressure/memory" pid=4112 comm="firefox" requested_mask="r" denied_mask="r" fsuid=2003 ouid=0
[  319.508107] [   T5224] NETCONSOLE TEST OK
[  320.822634] [     T44] audit: type=1400 audit(1768474962.409:242): apparmor="DENIED" operation="open" class="file" profile="snap.firefox.firefox" name="/proc/pressure/memory" pid=4112 comm="MemoryPoller" requested_mask="r" denied_mask="r" fsuid=2003 ouid=0
[  322.632055] [   T5229] NETCONSOLE TEST OKaegage
[  325.826765] [     T44] audit: type=1400 audit(1768474967.413:243): apparmor="DENIED" operation="open" class="file" profile="snap.firefox.firefox" name="/proc/pressure/memory" pid=4112 comm="MemoryPoller" requested_mask="r" denied_mask="r" fsuid=2003 ouid=0
[  326.960307] [   T5233] NETCONSOLE TEST OKaegage
[  330.743917] [   T5243] NETCONSOLE TEST OKaegage
[  330.827555] [     T44] audit: type=1400 audit(1768474972.414:244): apparmor="DENIED" operation="open" class="file" profile="snap.firefox.firefox" name="/proc/pressure/memory" pid=4112 comm="MemoryPoller" requested_mask="r" denied_mask="r" fsuid=2003 ouid=0
[  334.356798] [   T5247] NETCONSOLE TEST OKaegage
[  335.222951] [   T5251] NETCONSOLE TEST OKaegage
[  335.828544] [     T44] audit: type=1400 audit(1768474977.415:245): apparmor="DENIED" operation="open" class="file" profile="snap.firefox.firefox" name="/proc/pressure/memory" pid=4112 comm="MemoryPoller" requested_mask="r" denied_mask="r" fsuid=2003 ouid=0
[  340.319877] [   T5259] NETCONSOLE TEST OKaegage
[  341.252159] [     T44] audit: type=1400 audit(1768474982.838:246): apparmor="DENIED" operation="open" class="file" profile="snap.firefox.firefox" name="/proc/pressure/memory" pid=4112 comm="MemoryPoller" requested_mask="r" denied_mask="r" fsuid=2003 ouid=0
[  346.301892] [     T44] audit: type=1400 audit(1768474987.888:247): apparmor="DENIED" operation="open" class="file" profile="snap.firefox.firefox" name="/proc/pressure/memory" pid=4112 comm="MemoryPoller" requested_mask="r" denied_mask="r" fsuid=2003 ouid=0
[  351.302780] [     T44] audit: type=1400 audit(1768474992.889:248): apparmor="DENIED" operation="open" class="file" profile="snap.firefox.firefox" name="/proc/pressure/memory" pid=4112 comm="MemoryPoller" requested_mask="r" denied_mask="r" fsuid=2003 ouid=0
[  355.165630] [   T5266] NETCONSOLE TEST OK
[  355.855763] [   T5270] NETCONSOLE TEST OK
[  356.303456] [     T44] audit: type=1400 audit(1768474997.890:249): apparmor="DENIED" operation="open" class="file" profile="snap.firefox.firefox" name="/proc/pressure/memory" pid=4112 comm="MemoryPoller" requested_mask="r" denied_mask="r" fsuid=2003 ouid=0
[  361.304422] [     T44] audit: type=1400 audit(1768475002.891:250): apparmor="DENIED" operation="open" class="file" profile="snap.firefox.firefox" name="/proc/pressure/memory" pid=4112 comm="MemoryPoller" requested_mask="r" denied_mask="r" fsuid=2003 ouid=0
[  366.305023] [     T44] audit: type=1400 audit(1768475007.891:251): apparmor="DENIED" operation="open" class="file" profile="snap.firefox.firefox" name="/proc/pressure/memory" pid=4112 comm="MemoryPoller" requested_mask="r" denied_mask="r" fsuid=2003 ouid=0
[  371.310392] [     T44] audit: type=1400 audit(1768475012.897:252): apparmor="DENIED" operation="open" class="file" profile="snap.firefox.firefox" name="/proc/pressure/memory" pid=4112 comm="MemoryPoller" requested_mask="r" denied_mask="r" fsuid=2003 ouid=0
[  376.283734] [   T5296] NETCONSOLE TEST OK
[  376.311224] [     T44] audit: type=1400 audit(1768475017.897:253): apparmor="DENIED" operation="open" class="file" profile="snap.firefox.firefox" name="/proc/pressure/memory" pid=4112 comm="MemoryPoller" requested_mask="r" denied_mask="r" fsuid=2003 ouid=0
[  381.459524] [     T44] audit: type=1400 audit(1768475023.046:254): apparmor="DENIED" operation="open" class="file" profile="snap.firefox.firefox" name="/proc/pressure/memory" pid=4112 comm="MemoryPoller" requested_mask="r" denied_mask="r" fsuid=2003 ouid=0
[  385.652114] [   T5305] NETCONSOLE TEST OK
[  386.460189] [     T44] audit: type=1400 audit(1768475028.046:255): apparmor="DENIED" operation="open" class="file" profile="snap.firefox.firefox" name="/proc/pressure/memory" pid=4112 comm="MemoryPoller" requested_mask="r" denied_mask="r" fsuid=2003 ouid=0
[  391.460836] [     T44] audit: type=1400 audit(1768475033.047:256): apparmor="DENIED" operation="open" class="file" profile="snap.firefox.firefox" name="/proc/pressure/memory" pid=4112 comm="MemoryPoller" requested_mask="r" denied_mask="r" fsuid=2003 ouid=0
[  396.461582] [     T44] audit: type=1400 audit(1768475038.048:257): apparmor="DENIED" operation="open" class="file" profile="snap.firefox.firefox" name="/proc/pressure/memory" pid=4112 comm="MemoryPoller" requested_mask="r" denied_mask="r" fsuid=2003 ouid=0
[  401.462417] [     T44] audit: type=1400 audit(1768475043.048:258): apparmor="DENIED" operation="open" class="file" profile="snap.firefox.firefox" name="/proc/pressure/memory" pid=4112 comm="MemoryPoller" requested_mask="r" denied_mask="r" fsuid=2003 ouid=0
[  405.022539] [   T5316] NETCONSOLE TEST OKaegagegg2465245
[  406.463130] [     T44] audit: type=1400 audit(1768475048.049:259): apparmor="DENIED" operation="open" class="file" profile="snap.firefox.firefox" name="/proc/pressure/memory" pid=4112 comm="MemoryPoller" requested_mask="r" denied_mask="r" fsuid=2003 ouid=0
[  412.039779] [     T44] audit: type=1400 audit(1768475053.626:260): apparmor="DENIED" operation="open" class="file" profile="snap.firefox.firefox" name="/proc/pressure/memory" pid=4112 comm="MemoryPoller" requested_mask="r" denied_mask="r" fsuid=2003 ouid=0
[  420.530708] [     T44] audit: type=1400 audit(1768475062.117:261): apparmor="DENIED" operation="open" class="file" profile="snap.firefox.firefox" name="/proc/pressure/memory" pid=4112 comm="MemoryPoller" requested_mask="r" denied_mask="r" fsuid=2003 ouid=0
[  421.612591] [   T5335] printk: legacy console [netcon0] disabled
[  421.650975] [   T5339] netconsole: netconsole: local port 6665
[  421.650987] [   T5339] netconsole: netconsole: local IPv4 address 192.168.1.21
[  421.650990] [   T5339] netconsole: netconsole: interface name 'enp2s0'
[  421.650991] [   T5339] netconsole: netconsole: local ethernet address 'ff:ff:ff:ff:ff:ff'
[  421.650993] [   T5339] netconsole: netconsole: remote port 6666
[  421.650994] [   T5339] netconsole: netconsole: remote IPv4 address 192.168.1.100
[  421.650995] [   T5339] netconsole: netconsole: remote ethernet address 90:1b:0e:10:ae:43
[  421.657555] [   T5339] printk: legacy console [netcon0] enabled
[  421.657565] [   T5339] netconsole: network logging started
[  426.338994] [   T5344] NETCONSOLE TEST OKaegagegg2465245
[  440.037745] [     T44] audit: type=1400 audit(1768475081.624:262): apparmor="DENIED" operation="open" class="file" profile="snap.firefox.firefox" name="/proc/pressure/memory" pid=4112 comm="MemoryPoller" requested_mask="r" denied_mask="r" fsuid=2003 ouid=0
[  445.042520] [     T44] audit: type=1400 audit(1768475086.628:263): apparmor="DENIED" operation="open" class="file" profile="snap.firefox.firefox" name="/proc/pressure/memory" pid=4112 comm="MemoryPoller" requested_mask="r" denied_mask="r" fsuid=2003 ouid=0
[  450.221873] [     T44] audit: type=1400 audit(1768475091.808:264): apparmor="DENIED" operation="open" class="file" profile="snap.firefox.firefox" name="/proc/pressure/memory" pid=4112 comm="MemoryPoller" requested_mask="r" denied_mask="r" fsuid=2003 ouid=0
[  455.226124] [     T44] audit: type=1400 audit(1768475096.812:265): apparmor="DENIED" operation="open" class="file" profile="snap.firefox.firefox" name="/proc/pressure/memory" pid=4112 comm="MemoryPoller" requested_mask="r" denied_mask="r" fsuid=2003 ouid=0
[  460.295996] [     T44] audit: type=1400 audit(1768475101.882:266): apparmor="DENIED" operation="open" class="file" profile="snap.firefox.firefox" name="/proc/pressure/memory" pid=4112 comm="MemoryPoller" requested_mask="r" denied_mask="r" fsuid=2003 ouid=0
[  468.688858] [   T5476] NETCONSOLE TEST aergaegr
[  477.914716] [     T44] audit: type=1400 audit(1768475119.501:267): apparmor="DENIED" operation="open" class="file" profile="snap.firefox.firefox" name="/proc/pressure/memory" pid=4112 comm="MemoryPoller" requested_mask="r" denied_mask="r" fsuid=2003 ouid=0
[  482.929919] [     T44] audit: type=1400 audit(1768475124.515:268): apparmor="DENIED" operation="open" class="file" profile="snap.firefox.firefox" name="/proc/pressure/memory" pid=4112 comm="MemoryPoller" requested_mask="r" denied_mask="r" fsuid=2003 ouid=0
[  487.932367] [     T44] audit: type=1400 audit(1768475129.518:269): apparmor="DENIED" operation="open" class="file" profile="snap.firefox.firefox" name="/proc/pressure/memory" pid=4112 comm="MemoryPoller" requested_mask="r" denied_mask="r" fsuid=2003 ouid=0
[  493.020151] [     T44] audit: type=1400 audit(1768475134.606:270): apparmor="DENIED" operation="open" class="file" profile="snap.firefox.firefox" name="/proc/pressure/memory" pid=4112 comm="MemoryPoller" requested_mask="r" denied_mask="r" fsuid=2003 ouid=0
[  517.645616] [   T5499] printk: legacy console [netcon0] disabled
[  517.645858] [   T5499] netconsole: network logging stopped on interface enp2s0 as it unregistered
[  517.682715] [   T5503] netconsole: netconsole: local port 6665
[  517.682724] [   T5503] netconsole: netconsole: local IPv4 address 192.168.1.21
[  517.682728] [   T5503] netconsole: netconsole: interface name 'enp2s0'
[  517.682729] [   T5503] netconsole: netconsole: local ethernet address 'ff:ff:ff:ff:ff:ff'
[  517.682732] [   T5503] netconsole: netconsole: remote port 6666
